../Core/Inc/bno055_stm32.h:20:6:bno055_assignI2C	16	static
../Core/Inc/bno055_stm32.h:24:6:bno055_delay	16	static
../Core/Inc/bno055_stm32.h:32:6:bno055_writeData	40	static
../Core/Inc/bno055_stm32.h:96:6:bno055_readData	24	static
../Core/Src/main.c:84:6:HAL_UARTEx_RxEventCallback	16	static
../Core/Src/main.c:99:6:HAL_TIM_PeriodElapsedCallback	16	static
../Core/Src/main.c:112:5:main	8	static
../Core/Src/main.c:174:6:SystemClock_Config	88	static
../Core/Src/main.c:221:13:MX_I2C1_Init	8	static
../Core/Src/main.c:255:13:MX_TIM4_Init	32	static
../Core/Src/main.c:300:13:MX_USART2_UART_Init	8	static
../Core/Src/main.c:331:13:MX_DMA_Init	16	static
../Core/Src/main.c:349:13:MX_GPIO_Init	24	static
../Core/Src/main.c:371:6:Error_Handler	4	static,ignoring_inline_asm
