Archive member included to satisfy reference by file (symbol)

d:/micro/stm32ide/stm32cubeide_1.11.0/stm32cubeide/plugins/com.st.stm32cube.ide.mcu.externaltools.gnu-tools-for-stm32.10.3-2021.10.win32_1.0.100.202210260954/tools/bin/../lib/gcc/arm-none-eabi/10.3.1/../../../../arm-none-eabi/lib/thumb/v7e-m+fp/hard\libc_nano.a(lib_a-errno.o)
                              ./Core/Src/syscalls.o (__errno)
d:/micro/stm32ide/stm32cubeide_1.11.0/stm32cubeide/plugins/com.st.stm32cube.ide.mcu.externaltools.gnu-tools-for-stm32.10.3-2021.10.win32_1.0.100.202210260954/tools/bin/../lib/gcc/arm-none-eabi/10.3.1/../../../../arm-none-eabi/lib/thumb/v7e-m+fp/hard\libc_nano.a(lib_a-exit.o)
                              d:/micro/stm32ide/stm32cubeide_1.11.0/stm32cubeide/plugins/com.st.stm32cube.ide.mcu.externaltools.gnu-tools-for-stm32.10.3-2021.10.win32_1.0.100.202210260954/tools/bin/../lib/gcc/arm-none-eabi/10.3.1/../../../../arm-none-eabi/lib/thumb/v7e-m+fp/hard/crt0.o (exit)
d:/micro/stm32ide/stm32cubeide_1.11.0/stm32cubeide/plugins/com.st.stm32cube.ide.mcu.externaltools.gnu-tools-for-stm32.10.3-2021.10.win32_1.0.100.202210260954/tools/bin/../lib/gcc/arm-none-eabi/10.3.1/../../../../arm-none-eabi/lib/thumb/v7e-m+fp/hard\libc_nano.a(lib_a-impure.o)
                              d:/micro/stm32ide/stm32cubeide_1.11.0/stm32cubeide/plugins/com.st.stm32cube.ide.mcu.externaltools.gnu-tools-for-stm32.10.3-2021.10.win32_1.0.100.202210260954/tools/bin/../lib/gcc/arm-none-eabi/10.3.1/../../../../arm-none-eabi/lib/thumb/v7e-m+fp/hard\libc_nano.a(lib_a-exit.o) (_global_impure_ptr)
d:/micro/stm32ide/stm32cubeide_1.11.0/stm32cubeide/plugins/com.st.stm32cube.ide.mcu.externaltools.gnu-tools-for-stm32.10.3-2021.10.win32_1.0.100.202210260954/tools/bin/../lib/gcc/arm-none-eabi/10.3.1/../../../../arm-none-eabi/lib/thumb/v7e-m+fp/hard\libc_nano.a(lib_a-init.o)
                              d:/micro/stm32ide/stm32cubeide_1.11.0/stm32cubeide/plugins/com.st.stm32cube.ide.mcu.externaltools.gnu-tools-for-stm32.10.3-2021.10.win32_1.0.100.202210260954/tools/bin/../lib/gcc/arm-none-eabi/10.3.1/../../../../arm-none-eabi/lib/thumb/v7e-m+fp/hard/crt0.o (__libc_init_array)
d:/micro/stm32ide/stm32cubeide_1.11.0/stm32cubeide/plugins/com.st.stm32cube.ide.mcu.externaltools.gnu-tools-for-stm32.10.3-2021.10.win32_1.0.100.202210260954/tools/bin/../lib/gcc/arm-none-eabi/10.3.1/../../../../arm-none-eabi/lib/thumb/v7e-m+fp/hard\libc_nano.a(lib_a-memcpy-stub.o)
                              ./Core/Src/bno055.o (memcpy)
d:/micro/stm32ide/stm32cubeide_1.11.0/stm32cubeide/plugins/com.st.stm32cube.ide.mcu.externaltools.gnu-tools-for-stm32.10.3-2021.10.win32_1.0.100.202210260954/tools/bin/../lib/gcc/arm-none-eabi/10.3.1/../../../../arm-none-eabi/lib/thumb/v7e-m+fp/hard\libc_nano.a(lib_a-memset.o)
                              d:/micro/stm32ide/stm32cubeide_1.11.0/stm32cubeide/plugins/com.st.stm32cube.ide.mcu.externaltools.gnu-tools-for-stm32.10.3-2021.10.win32_1.0.100.202210260954/tools/bin/../lib/gcc/arm-none-eabi/10.3.1/../../../../arm-none-eabi/lib/thumb/v7e-m+fp/hard/crt0.o (memset)
d:/micro/stm32ide/stm32cubeide_1.11.0/stm32cubeide/plugins/com.st.stm32cube.ide.mcu.externaltools.gnu-tools-for-stm32.10.3-2021.10.win32_1.0.100.202210260954/tools/bin/../lib/gcc/arm-none-eabi/10.3.1/../../../../arm-none-eabi/lib/thumb/v7e-m+fp/hard\libc_nano.a(lib_a-printf.o)
                              ./Core/Src/bno055.o (printf)
d:/micro/stm32ide/stm32cubeide_1.11.0/stm32cubeide/plugins/com.st.stm32cube.ide.mcu.externaltools.gnu-tools-for-stm32.10.3-2021.10.win32_1.0.100.202210260954/tools/bin/../lib/gcc/arm-none-eabi/10.3.1/../../../../arm-none-eabi/lib/thumb/v7e-m+fp/hard\libc_nano.a(lib_a-puts.o)
                              ./Core/Src/main.o (puts)
d:/micro/stm32ide/stm32cubeide_1.11.0/stm32cubeide/plugins/com.st.stm32cube.ide.mcu.externaltools.gnu-tools-for-stm32.10.3-2021.10.win32_1.0.100.202210260954/tools/bin/../lib/gcc/arm-none-eabi/10.3.1/../../../../arm-none-eabi/lib/thumb/v7e-m+fp/hard\libc_nano.a(lib_a-wbuf.o)
                              d:/micro/stm32ide/stm32cubeide_1.11.0/stm32cubeide/plugins/com.st.stm32cube.ide.mcu.externaltools.gnu-tools-for-stm32.10.3-2021.10.win32_1.0.100.202210260954/tools/bin/../lib/gcc/arm-none-eabi/10.3.1/../../../../arm-none-eabi/lib/thumb/v7e-m+fp/hard\libc_nano.a(lib_a-puts.o) (__swbuf_r)
d:/micro/stm32ide/stm32cubeide_1.11.0/stm32cubeide/plugins/com.st.stm32cube.ide.mcu.externaltools.gnu-tools-for-stm32.10.3-2021.10.win32_1.0.100.202210260954/tools/bin/../lib/gcc/arm-none-eabi/10.3.1/../../../../arm-none-eabi/lib/thumb/v7e-m+fp/hard\libc_nano.a(lib_a-wsetup.o)
                              d:/micro/stm32ide/stm32cubeide_1.11.0/stm32cubeide/plugins/com.st.stm32cube.ide.mcu.externaltools.gnu-tools-for-stm32.10.3-2021.10.win32_1.0.100.202210260954/tools/bin/../lib/gcc/arm-none-eabi/10.3.1/../../../../arm-none-eabi/lib/thumb/v7e-m+fp/hard\libc_nano.a(lib_a-puts.o) (__swsetup_r)
[...]
Memory Configuration

Name             Origin             Length             Attributes
RAM              0x0000000020000000 0x0000000000018000 xrw
FLASH            0x0000000008000000 0x0000000000080000 xr
*default*        0x0000000000000000 0xffffffffffffffff

Linker script and memory map

LOAD d:/micro/stm32ide/stm32cubeide_1.11.0/stm32cubeide/plugins/com.st.stm32cube.ide.mcu.externaltools.gnu-tools-for-stm32.10.3-2021.10.win32_1.0.100.202210260954/tools/bin/../lib/gcc/arm-none-eabi/10.3.1/thumb/v7e-m+fp/hard/crti.o
LOAD d:/micro/stm32ide/stm32cubeide_1.11.0/stm32cubeide/plugins/com.st.stm32cube.ide.mcu.externaltools.gnu-tools-for-stm32.10.3-2021.10.win32_1.0.100.202210260954/tools/bin/../lib/gcc/arm-none-eabi/10.3.1/thumb/v7e-m+fp/hard/crtbegin.o
LOAD d:/micro/stm32ide/stm32cubeide_1.11.0/stm32cubeide/plugins/com.st.stm32cube.ide.mcu.externaltools.gnu-tools-for-stm32.10.3-2021.10.win32_1.0.100.202210260954/tools/bin/../lib/gcc/arm-none-eabi/10.3.1/../../../../arm-none-eabi/lib/thumb/v7e-m+fp/hard/crt0.o
LOAD ./Core/Src/bno055.o
LOAD ./Core/Src/gpio.o
LOAD ./Core/Src/i2c.o
LOAD ./Core/Src/main.o
LOAD ./Core/Src/stm32f4xx_hal_msp.o
LOAD ./Core/Src/stm32f4xx_it.o
LOAD ./Core/Src/syscalls.o
LOAD ./Core/Src/sysmem.o
LOAD ./Core/Src/system_stm32f4xx.o
LOAD ./Core/Startup/startup_stm32f401retx.o
LOAD ./Drivers/STM32F4xx_HAL_Driver/Src/stm32f4xx_hal.o
LOAD ./Drivers/STM32F4xx_HAL_Driver/Src/stm32f4xx_hal_cortex.o
LOAD ./Drivers/STM32F4xx_HAL_Driver/Src/stm32f4xx_hal_dma.o
LOAD ./Drivers/STM32F4xx_HAL_Driver/Src/stm32f4xx_hal_dma_ex.o
LOAD ./Drivers/STM32F4xx_HAL_Driver/Src/stm32f4xx_hal_exti.o
LOAD ./Drivers/STM32F4xx_HAL_Driver/Src/stm32f4xx_hal_flash.o
LOAD ./Drivers/STM32F4xx_HAL_Driver/Src/stm32f4xx_hal_flash_ex.o
LOAD ./Drivers/STM32F4xx_HAL_Driver/Src/stm32f4xx_hal_flash_ramfunc.o
LOAD ./Drivers/STM32F4xx_HAL_Driver/Src/stm32f4xx_hal_gpio.o
LOAD ./Drivers/STM32F4xx_HAL_Driver/Src/stm32f4xx_hal_i2c.o
LOAD ./Drivers/STM32F4xx_HAL_Driver/Src/stm32f4xx_hal_i2c_ex.o
LOAD ./Drivers/STM32F4xx_HAL_Driver/Src/stm32f4xx_hal_pwr.o
LOAD ./Drivers/STM32F4xx_HAL_Driver/Src/stm32f4xx_hal_pwr_ex.o
LOAD ./Drivers/STM32F4xx_HAL_Driver/Src/stm32f4xx_hal_rcc.o
LOAD ./Drivers/STM32F4xx_HAL_Driver/Src/stm32f4xx_hal_rcc_ex.o
LOAD ./Drivers/STM32F4xx_HAL_Driver/Src/stm32f4xx_hal_tim.o
LOAD ./Drivers/STM32F4xx_HAL_Driver/Src/stm32f4xx_hal_tim_ex.o
START GROUP
LOAD d:/micro/stm32ide/stm32cubeide_1.11.0/stm32cubeide/plugins/com.st.stm32cube.ide.mcu.externaltools.gnu-tools-for-stm32.10.3-2021.10.win32_1.0.100.202210260954/tools/bin/../lib/gcc/arm-none-eabi/10.3.1/../../../../arm-none-eabi/lib/thumb/v7e-m+fp/hard\libc_nano.a
LOAD d:/micro/stm32ide/stm32cubeide_1.11.0/stm32cubeide/plugins/com.st.stm32cube.ide.mcu.externaltools.gnu-tools-for-stm32.10.3-2021.10.win32_1.0.100.202210260954/tools/bin/../lib/gcc/arm-none-eabi/10.3.1/../../../../arm-none-eabi/lib/thumb/v7e-m+fp/hard\libm.a
END GROUP
START GROUP
LOAD d:/micro/stm32ide/stm32cubeide_1.11.0/stm32cubeide/plugins/com.st.stm32cube.ide.mcu.externaltools.gnu-tools-for-stm32.10.3-2021.10.win32_1.0.100.202210260954/tools/bin/../lib/gcc/arm-none-eabi/10.3.1/thumb/v7e-m+fp/hard\libgcc.a
LOAD d:/micro/stm32ide/stm32cubeide_1.11.0/stm32cubeide/plugins/com.st.stm32cube.ide.mcu.externaltools.gnu-tools-for-stm32.10.3-2021.10.win32_1.0.100.202210260954/tools/bin/../lib/gcc/arm-none-eabi/10.3.1/../../../../arm-none-eabi/lib/thumb/v7e-m+fp/hard\libc_nano.a
END GROUP
START GROUP
LOAD d:/micro/stm32ide/stm32cubeide_1.11.0/stm32cubeide/plugins/com.st.stm32cube.ide.mcu.externaltools.gnu-tools-for-stm32.10.3-2021.10.win32_1.0.100.202210260954/tools/bin/../lib/gcc/arm-none-eabi/10.3.1/thumb/v7e-m+fp/hard\libgcc.a
LOAD d:/micro/stm32ide/stm32cubeide_1.11.0/stm32cubeide/plugins/com.st.stm32cube.ide.mcu.externaltools.gnu-tools-for-stm32.10.3-2021.10.win32_1.0.100.202210260954/tools/bin/../lib/gcc/arm-none-eabi/10.3.1/../../../../arm-none-eabi/lib/thumb/v7e-m+fp/hard\libc_nano.a
LOAD d:/micro/stm32ide/stm32cubeide_1.11.0/stm32cubeide/plugins/com.st.stm32cube.ide.mcu.externaltools.gnu-tools-for-stm32.10.3-2021.10.win32_1.0.100.202210260954/tools/bin/../lib/gcc/arm-none-eabi/10.3.1/../../../../arm-none-eabi/lib/thumb/v7e-m+fp/hard\libnosys.a
END GROUP
START GROUP
LOAD d:/micro/stm32ide/stm32cubeide_1.11.0/stm32cubeide/plugins/com.st.stm32cube.ide.mcu.externaltools.gnu-tools-for-stm32.10.3-2021.10.win32_1.0.100.202210260954/tools/bin/../lib/gcc/arm-none-eabi/10.3.1/thumb/v7e-m+fp/hard\libgcc.a
LOAD d:/micro/stm32ide/stm32cubeide_1.11.0/stm32cubeide/plugins/com.st.stm32cube.ide.mcu.externaltools.gnu-tools-for-stm32.10.3-2021.10.win32_1.0.100.202210260954/tools/bin/../lib/gcc/arm-none-eabi/10.3.1/../../../../arm-none-eabi/lib/thumb/v7e-m+fp/hard\libc_nano.a
LOAD d:/micro/stm32ide/stm32cubeide_1.11.0/stm32cubeide/plugins/com.st.stm32cube.ide.mcu.externaltools.gnu-tools-for-stm32.10.3-2021.10.win32_1.0.100.202210260954/tools/bin/../lib/gcc/arm-none-eabi/10.3.1/../../../../arm-none-eabi/lib/thumb/v7e-m+fp/hard\libnosys.a
END GROUP
LOAD d:/micro/stm32ide/stm32cubeide_1.11.0/stm32cubeide/plugins/com.st.stm32cube.ide.mcu.externaltools.gnu-tools-for-stm32.10.3-2021.10.win32_1.0.100.202210260954/tools/bin/../lib/gcc/arm-none-eabi/10.3.1/thumb/v7e-m+fp/hard/crtend.o
LOAD d:/micro/stm32ide/stm32cubeide_1.11.0/stm32cubeide/plugins/com.st.stm32cube.ide.mcu.externaltools.gnu-tools-for-stm32.10.3-2021.10.win32_1.0.100.202210260954/tools/bin/../lib/gcc/arm-none-eabi/10.3.1/thumb/v7e-m+fp/hard/crtn.o
                0x0000000020018000                _estack = (ORIGIN (RAM) + LENGTH (RAM))
                0x0000000000000200                _Min_Heap_Size = 0x200
                0x0000000000000400                _Min_Stack_Size = 0x400

.isr_vector     0x0000000008000000      0x194
                0x0000000008000000                . = ALIGN (0x4)
 *(.isr_vector)
 .isr_vector    0x0000000008000000      0x194 ./Core/Startup/startup_stm32f401retx.o
                0x0000000008000000                g_pfnVectors
                0x0000000008000194                . = ALIGN (0x4)

.text           0x00000000080001a0     0x44dc
                0x00000000080001a0                . = ALIGN (0x4)
 *(.text)
 .text          0x00000000080001a0       0x40 d:/micro/stm32ide/stm32cubeide_1.11.0/stm32cubeide/plugins/com.st.stm32cube.ide.mcu.externaltools.gnu-tools-for-stm32.10.3-2021.10.win32_1.0.100.202210260954/tools/bin/../lib/gcc/arm-none-eabi/10.3.1/thumb/v7e-m+fp/hard/crtbegin.o
 .text          0x00000000080001e0       0xa0 d:/micro/stm32ide/stm32cubeide_1.11.0/stm32cubeide/plugins/com.st.stm32cube.ide.mcu.externaltools.gnu-tools-for-stm32.10.3-2021.10.win32_1.0.100.202210260954/tools/bin/../lib/gcc/arm-none-eabi/10.3.1/../../../../arm-none-eabi/lib/thumb/v7e-m+fp/hard\libc_nano.a(lib_a-memchr.o)
                0x00000000080001e0                memchr
 .text          0x0000000008000280      0x378 d:/micro/stm32ide/stm32cubeide_1.11.0/stm32cubeide/plugins/com.st.stm32cube.ide.mcu.externaltools.gnu-tools-for-stm32.10.3-2021.10.win32_1.0.100.202210260954/tools/bin/../lib/gcc/arm-none-eabi/10.3.1/thumb/v7e-m+fp/hard\libgcc.a(_arm_addsubdf3.o)
                0x0000000008000280                __aeabi_drsub
                0x0000000008000288                __aeabi_dsub
                0x0000000008000288                __subdf3
                0x000000000800028c                __aeabi_dadd
                0x000000000800028c                __adddf3
                0x0000000008000504                __floatunsidf
                0x0000000008000504                __aeabi_ui2d
                0x0000000008000524                __floatsidf
                0x0000000008000524                __aeabi_i2d
                0x0000000008000548                __aeabi_f2d
                0x0000000008000548                __extendsfdf2
                0x000000000800058c                __floatundidf
                0x000000000800058c                __aeabi_ul2d
                0x000000000800059c                __floatdidf
                0x000000000800059c                __aeabi_l2d
 .text          0x00000000080005f8      0x424 d:/micro/stm32ide/stm32cubeide_1.11.0/stm32cubeide/plugins/com.st.stm32cube.ide.mcu.externaltools.gnu-tools-for-stm32.10.3-2021.10.win32_1.0.100.202210260954/tools/bin/../lib/gcc/arm-none-eabi/10.3.1/thumb/v7e-m+fp/hard\libgcc.a(_arm_muldivdf3.o)
                0x00000000080005f8                __aeabi_dmul
                0x00000000080005f8                __muldf3
                0x000000000800084c                __divdf3
                0x000000000800084c                __aeabi_ddiv
 .text          0x0000000008000a1c       0x30 d:/micro/stm32ide/stm32cubeide_1.11.0/stm32cubeide/plugins/com.st.stm32cube.ide.mcu.externaltools.gnu-tools-for-stm32.10.3-2021.10.win32_1.0.100.202210260954/tools/bin/../lib/gcc/arm-none-eabi/10.3.1/thumb/v7e-m+fp/hard\libgcc.a(_aeabi_uldivmod.o)
                0x0000000008000a1c                __aeabi_uldivmod
 .text          0x0000000008000a4c      0x2d0 d:/micro/stm32ide/stm32cubeide_1.11.0/stm32cubeide/plugins/com.st.stm32cube.ide.mcu.externaltools.gnu-tools-for-stm32.10.3-2021.10.win32_1.0.100.202210260954/tools/bin/../lib/gcc/arm-none-eabi/10.3.1/thumb/v7e-m+fp/hard\libgcc.a(_udivmoddi4.o)
                0x0000000008000a4c                __udivmoddi4
 .text          0x0000000008000d1c        0x4 d:/micro/stm32ide/stm32cubeide_1.11.0/stm32cubeide/plugins/com.st.stm32cube.ide.mcu.externaltools.gnu-tools-for-stm32.10.3-2021.10.win32_1.0.100.202210260954/tools/bin/../lib/gcc/arm-none-eabi/10.3.1/thumb/v7e-m+fp/hard\libgcc.a(_dvmd_tls.o)
                0x0000000008000d1c                __aeabi_idiv0
                0x0000000008000d1c                __aeabi_ldiv0
 *(.text*)
 .text.bno055_setPage
                0x0000000008000d20       0x1c ./Core/Src/bno055.o
                0x0000000008000d20                bno055_setPage
 .text.bno055_setOperationMode
                0x0000000008000d3c       0x30 ./Core/Src/bno055.o
                0x0000000008000d3c                bno055_setOperationMode
 .text.bno055_setOperationModeConfig
                0x0000000008000d6c        0xe ./Core/Src/bno055.o
                0x0000000008000d6c                bno055_setOperationModeConfig
 .text.bno055_setOperationModeNDOF
                0x0000000008000d7a        0xe ./Core/Src/bno055.o
                0x0000000008000d7a                bno055_setOperationModeNDOF
 .text.bno055_reset
                0x0000000008000d88       0x18 ./Core/Src/bno055.o
                0x0000000008000d88                bno055_reset
 .text.bno055_setup
                0x0000000008000da0       0x50 ./Core/Src/bno055.o
                0x0000000008000da0                bno055_setup
 .text.bno055_getVector
                0x0000000008000df0      0x288 ./Core/Src/bno055.o
                0x0000000008000df0                bno055_getVector
 .text.bno055_getVectorEuler
                0x0000000008001078       0x86 ./Core/Src/bno055.o
                0x0000000008001078                bno055_getVectorEuler
 *fill*         0x00000000080010fe        0x2 
 .text.MX_GPIO_Init
                0x0000000008001100       0x34 ./Core/Src/gpio.o
                0x0000000008001100                MX_GPIO_Init
 .text.MX_I2C1_Init
                0x0000000008001134       0x5c ./Core/Src/i2c.o
                0x0000000008001134                MX_I2C1_Init
 .text.HAL_I2C_MspInit
                0x0000000008001190       0x90 ./Core/Src/i2c.o
                0x0000000008001190                HAL_I2C_MspInit
 .text.bno055_assignI2C
                0x0000000008001220       0x20 ./Core/Src/main.o
                0x0000000008001220                bno055_assignI2C
 .text.bno055_delay
                0x0000000008001240       0x18 ./Core/Src/main.o
                0x0000000008001240                bno055_delay
 .text.bno055_writeData
                0x0000000008001258      0x1d8 ./Core/Src/main.o
                0x0000000008001258                bno055_writeData
 .text.bno055_readData
                0x0000000008001430       0x44 ./Core/Src/main.o
                0x0000000008001430                bno055_readData
 .text.main     0x0000000008001474       0x6c ./Core/Src/main.o
                0x0000000008001474                main
 .text.SystemClock_Config
                0x00000000080014e0       0xc0 ./Core/Src/main.o
                0x00000000080014e0                SystemClock_Config
 .text.Error_Handler
                0x00000000080015a0        0xa ./Core/Src/main.o
                0x00000000080015a0                Error_Handler
 *fill*         0x00000000080015aa        0x2 
 .text.HAL_MspInit
                0x00000000080015ac       0x50 ./Core/Src/stm32f4xx_hal_msp.o
                0x00000000080015ac                HAL_MspInit
 .text.NMI_Handler
                0x00000000080015fc        0x6 ./Core/Src/stm32f4xx_it.o
                0x00000000080015fc                NMI_Handler
 .text.HardFault_Handler
                0x0000000008001602        0x6 ./Core/Src/stm32f4xx_it.o
                0x0000000008001602                HardFault_Handler
 .text.MemManage_Handler
                0x0000000008001608        0x6 ./Core/Src/stm32f4xx_it.o
                0x0000000008001608                MemManage_Handler
 .text.BusFault_Handler
                0x000000000800160e        0x6 ./Core/Src/stm32f4xx_it.o
                0x000000000800160e                BusFault_Handler
 .text.UsageFault_Handler
                0x0000000008001614        0x6 ./Core/Src/stm32f4xx_it.o
                0x0000000008001614                UsageFault_Handler
 .text.SVC_Handler
                0x000000000800161a        0xe ./Core/Src/stm32f4xx_it.o
                0x000000000800161a                SVC_Handler
 .text.DebugMon_Handler
                0x0000000008001628        0xe ./Core/Src/stm32f4xx_it.o
                0x0000000008001628                DebugMon_Handler
 .text.PendSV_Handler
                0x0000000008001636        0xe ./Core/Src/stm32f4xx_it.o
                0x0000000008001636                PendSV_Handler
 .text.SysTick_Handler
                0x0000000008001644        0xc ./Core/Src/stm32f4xx_it.o
                0x0000000008001644                SysTick_Handler
 .text._read    0x0000000008001650       0x3a ./Core/Src/syscalls.o
                0x0000000008001650                _read
 .text._write   0x000000000800168a       0x38 ./Core/Src/syscalls.o
                0x000000000800168a                _write
 .text._close   0x00000000080016c2       0x18 ./Core/Src/syscalls.o
                0x00000000080016c2                _close
 .text._fstat   0x00000000080016da       0x20 ./Core/Src/syscalls.o
                0x00000000080016da                _fstat
 .text._isatty  0x00000000080016fa       0x16 ./Core/Src/syscalls.o
                0x00000000080016fa                _isatty
 .text._lseek   0x0000000008001710       0x1a ./Core/Src/syscalls.o
                0x0000000008001710                _lseek
 *fill*         0x000000000800172a        0x2 
 .text._sbrk    0x000000000800172c       0x6c ./Core/Src/sysmem.o
                0x000000000800172c                _sbrk
 .text.SystemInit
                0x0000000008001798       0x24 ./Core/Src/system_stm32f4xx.o
                0x0000000008001798                SystemInit
 .text.Reset_Handler
                0x00000000080017bc       0x50 ./Core/Startup/startup_stm32f401retx.o
                0x00000000080017bc                Reset_Handler
 .text.Default_Handler
                0x000000000800180c        0x2 ./Core/Startup/startup_stm32f401retx.o
                0x000000000800180c                RTC_Alarm_IRQHandler
                0x000000000800180c                EXTI2_IRQHandler
                0x000000000800180c                SPI4_IRQHandler
                0x000000000800180c                TIM1_CC_IRQHandler
                0x000000000800180c                DMA2_Stream5_IRQHandler
                0x000000000800180c                DMA1_Stream5_IRQHandler
                0x000000000800180c                PVD_IRQHandler
                0x000000000800180c                SDIO_IRQHandler
                0x000000000800180c                TAMP_STAMP_IRQHandler
                0x000000000800180c                EXTI3_IRQHandler
                0x000000000800180c                TIM1_UP_TIM10_IRQHandler
                0x000000000800180c                I2C3_ER_IRQHandler
                0x000000000800180c                EXTI0_IRQHandler
                0x000000000800180c                I2C2_EV_IRQHandler
                0x000000000800180c                DMA1_Stream2_IRQHandler
                0x000000000800180c                FPU_IRQHandler
                0x000000000800180c                DMA2_Stream2_IRQHandler
                0x000000000800180c                SPI1_IRQHandler
                0x000000000800180c                TIM1_BRK_TIM9_IRQHandler
                0x000000000800180c                DMA2_Stream3_IRQHandler
                0x000000000800180c                USART6_IRQHandler
                0x000000000800180c                DMA2_Stream0_IRQHandler
                0x000000000800180c                TIM4_IRQHandler
                0x000000000800180c                I2C1_EV_IRQHandler
                0x000000000800180c                DMA1_Stream6_IRQHandler
                0x000000000800180c                DMA1_Stream1_IRQHandler
                0x000000000800180c                TIM3_IRQHandler
                0x000000000800180c                RCC_IRQHandler
                0x000000000800180c                Default_Handler
                0x000000000800180c                EXTI15_10_IRQHandler
                0x000000000800180c                ADC_IRQHandler
                0x000000000800180c                DMA1_Stream7_IRQHandler
                0x000000000800180c                TIM5_IRQHandler
                0x000000000800180c                DMA2_Stream7_IRQHandler
                0x000000000800180c                I2C3_EV_IRQHandler
                0x000000000800180c                EXTI9_5_IRQHandler
                0x000000000800180c                RTC_WKUP_IRQHandler
                0x000000000800180c                SPI2_IRQHandler
                0x000000000800180c                DMA1_Stream0_IRQHandler
                0x000000000800180c                EXTI4_IRQHandler
                0x000000000800180c                WWDG_IRQHandler
                0x000000000800180c                TIM2_IRQHandler
                0x000000000800180c                OTG_FS_WKUP_IRQHandler
                0x000000000800180c                TIM1_TRG_COM_TIM11_IRQHandler
                0x000000000800180c                EXTI1_IRQHandler
                0x000000000800180c                USART2_IRQHandler
                0x000000000800180c                I2C2_ER_IRQHandler
                0x000000000800180c                DMA2_Stream1_IRQHandler
                0x000000000800180c                FLASH_IRQHandler
                0x000000000800180c                DMA2_Stream4_IRQHandler
                0x000000000800180c                USART1_IRQHandler
                0x000000000800180c                OTG_FS_IRQHandler
                0x000000000800180c                SPI3_IRQHandler
                0x000000000800180c                DMA1_Stream4_IRQHandler
                0x000000000800180c                I2C1_ER_IRQHandler
                0x000000000800180c                DMA2_Stream6_IRQHandler
                0x000000000800180c                DMA1_Stream3_IRQHandler
 *fill*         0x000000000800180e        0x2 
 .text.HAL_Init
                0x0000000008001810       0x44 ./Drivers/STM32F4xx_HAL_Driver/Src/stm32f4xx_hal.o
                0x0000000008001810                HAL_Init
 .text.HAL_InitTick
                0x0000000008001854       0x60 ./Drivers/STM32F4xx_HAL_Driver/Src/stm32f4xx_hal.o
                0x0000000008001854                HAL_InitTick
 .text.HAL_IncTick
                0x00000000080018b4       0x28 ./Drivers/STM32F4xx_HAL_Driver/Src/stm32f4xx_hal.o
                0x00000000080018b4                HAL_IncTick
 .text.HAL_GetTick
                0x00000000080018dc       0x18 ./Drivers/STM32F4xx_HAL_Driver/Src/stm32f4xx_hal.o
                0x00000000080018dc                HAL_GetTick
 .text.HAL_Delay
                0x00000000080018f4       0x48 ./Drivers/STM32F4xx_HAL_Driver/Src/stm32f4xx_hal.o
                0x00000000080018f4                HAL_Delay
 .text.__NVIC_SetPriorityGrouping
                0x000000000800193c       0x48 ./Drivers/STM32F4xx_HAL_Driver/Src/stm32f4xx_hal_cortex.o
 .text.__NVIC_GetPriorityGrouping
                0x0000000008001984       0x1c ./Drivers/STM32F4xx_HAL_Driver/Src/stm32f4xx_hal_cortex.o
 .text.__NVIC_SetPriority
                0x00000000080019a0       0x54 ./Drivers/STM32F4xx_HAL_Driver/Src/stm32f4xx_hal_cortex.o
 .text.NVIC_EncodePriority
                0x00000000080019f4       0x66 ./Drivers/STM32F4xx_HAL_Driver/Src/stm32f4xx_hal_cortex.o
 *fill*         0x0000000008001a5a        0x2 
 .text.SysTick_Config
                0x0000000008001a5c       0x44 ./Drivers/STM32F4xx_HAL_Driver/Src/stm32f4xx_hal_cortex.o
 .text.HAL_NVIC_SetPriorityGrouping
                0x0000000008001aa0       0x16 ./Drivers/STM32F4xx_HAL_Driver/Src/stm32f4xx_hal_cortex.o
                0x0000000008001aa0                HAL_NVIC_SetPriorityGrouping
 .text.HAL_NVIC_SetPriority
                0x0000000008001ab6       0x38 ./Drivers/STM32F4xx_HAL_Driver/Src/stm32f4xx_hal_cortex.o
                0x0000000008001ab6                HAL_NVIC_SetPriority
 .text.HAL_SYSTICK_Config
                0x0000000008001aee       0x18 ./Drivers/STM32F4xx_HAL_Driver/Src/stm32f4xx_hal_cortex.o
                0x0000000008001aee                HAL_SYSTICK_Config
 *fill*         0x0000000008001b06        0x2 
 .text.HAL_GPIO_Init
                0x0000000008001b08      0x308 ./Drivers/STM32F4xx_HAL_Driver/Src/stm32f4xx_hal_gpio.o
                0x0000000008001b08                HAL_GPIO_Init
 .text.HAL_I2C_Init
                0x0000000008001e10      0x288 ./Drivers/STM32F4xx_HAL_Driver/Src/stm32f4xx_hal_i2c.o
                0x0000000008001e10                HAL_I2C_Init
 .text.HAL_I2C_Master_Transmit
                0x0000000008002098      0x1fc ./Drivers/STM32F4xx_HAL_Driver/Src/stm32f4xx_hal_i2c.o
                0x0000000008002098                HAL_I2C_Master_Transmit
 .text.HAL_I2C_Master_Receive
                0x0000000008002294      0x44c ./Drivers/STM32F4xx_HAL_Driver/Src/stm32f4xx_hal_i2c.o
                0x0000000008002294                HAL_I2C_Master_Receive
 .text.HAL_I2C_GetState
                0x00000000080026e0       0x1c ./Drivers/STM32F4xx_HAL_Driver/Src/stm32f4xx_hal_i2c.o
                0x00000000080026e0                HAL_I2C_GetState
 .text.HAL_I2C_GetError
                0x00000000080026fc       0x18 ./Drivers/STM32F4xx_HAL_Driver/Src/stm32f4xx_hal_i2c.o
                0x00000000080026fc                HAL_I2C_GetError
 .text.I2C_MasterRequestWrite
                0x0000000008002714      0x104 ./Drivers/STM32F4xx_HAL_Driver/Src/stm32f4xx_hal_i2c.o
 .text.I2C_MasterRequestRead
                0x0000000008002818      0x19c ./Drivers/STM32F4xx_HAL_Driver/Src/stm32f4xx_hal_i2c.o
 .text.I2C_WaitOnFlagUntilTimeout
                0x00000000080029b4       0xae ./Drivers/STM32F4xx_HAL_Driver/Src/stm32f4xx_hal_i2c.o
 .text.I2C_WaitOnMasterAddressFlagUntilTimeout
                0x0000000008002a62       0xfe ./Drivers/STM32F4xx_HAL_Driver/Src/stm32f4xx_hal_i2c.o
 .text.I2C_WaitOnTXEFlagUntilTimeout
                0x0000000008002b60       0x82 ./Drivers/STM32F4xx_HAL_Driver/Src/stm32f4xx_hal_i2c.o
 .text.I2C_WaitOnBTFFlagUntilTimeout
                0x0000000008002be2       0x82 ./Drivers/STM32F4xx_HAL_Driver/Src/stm32f4xx_hal_i2c.o
 .text.I2C_WaitOnRXNEFlagUntilTimeout
                0x0000000008002c64       0xac ./Drivers/STM32F4xx_HAL_Driver/Src/stm32f4xx_hal_i2c.o
 .text.I2C_IsAcknowledgeFailed
                0x0000000008002d10       0x5e ./Drivers/STM32F4xx_HAL_Driver/Src/stm32f4xx_hal_i2c.o
 *fill*         0x0000000008002d6e        0x2 
 .text.HAL_RCC_OscConfig
                0x0000000008002d70      0x4f0 ./Drivers/STM32F4xx_HAL_Driver/Src/stm32f4xx_hal_rcc.o
                0x0000000008002d70                HAL_RCC_OscConfig
 .text.HAL_RCC_ClockConfig
                0x0000000008003260      0x1cc ./Drivers/STM32F4xx_HAL_Driver/Src/stm32f4xx_hal_rcc.o
                0x0000000008003260                HAL_RCC_ClockConfig
 .text.HAL_RCC_GetSysClockFreq
                0x000000000800342c      0x18c ./Drivers/STM32F4xx_HAL_Driver/Src/stm32f4xx_hal_rcc.o
                0x000000000800342c                HAL_RCC_GetSysClockFreq
 .text.HAL_RCC_GetHCLKFreq
                0x00000000080035b8       0x18 ./Drivers/STM32F4xx_HAL_Driver/Src/stm32f4xx_hal_rcc.o
                0x00000000080035b8                HAL_RCC_GetHCLKFreq
 .text.HAL_RCC_GetPCLK1Freq
                0x00000000080035d0       0x28 ./Drivers/STM32F4xx_HAL_Driver/Src/stm32f4xx_hal_rcc.o
                0x00000000080035d0                HAL_RCC_GetPCLK1Freq
 .text.__errno  0x00000000080035f8        0xc d:/micro/stm32ide/stm32cubeide_1.11.0/stm32cubeide/plugins/com.st.stm32cube.ide.mcu.externaltools.gnu-tools-for-stm32.10.3-2021.10.win32_1.0.100.202210260954/tools/bin/../lib/gcc/arm-none-eabi/10.3.1/../../../../arm-none-eabi/lib/thumb/v7e-m+fp/hard\libc_nano.a(lib_a-errno.o)
                0x00000000080035f8                __errno
 .text.__libc_init_array
                0x0000000008003604       0x48 d:/micro/stm32ide/stm32cubeide_1.11.0/stm32cubeide/plugins/com.st.stm32cube.ide.mcu.externaltools.gnu-tools-for-stm32.10.3-2021.10.win32_1.0.100.202210260954/tools/bin/../lib/gcc/arm-none-eabi/10.3.1/../../../../arm-none-eabi/lib/thumb/v7e-m+fp/hard\libc_nano.a(lib_a-init.o)
                0x0000000008003604                __libc_init_array
 .text.memset   0x000000000800364c       0x10 d:/micro/stm32ide/stm32cubeide_1.11.0/stm32cubeide/plugins/com.st.stm32cube.ide.mcu.externaltools.gnu-tools-for-stm32.10.3-2021.10.win32_1.0.100.202210260954/tools/bin/../lib/gcc/arm-none-eabi/10.3.1/../../../../arm-none-eabi/lib/thumb/v7e-m+fp/hard\libc_nano.a(lib_a-memset.o)
                0x000000000800364c                memset
 .text.printf   0x000000000800365c       0x30 d:/micro/stm32ide/stm32cubeide_1.11.0/stm32cubeide/plugins/com.st.stm32cube.ide.mcu.externaltools.gnu-tools-for-stm32.10.3-2021.10.win32_1.0.100.202210260954/tools/bin/../lib/gcc/arm-none-eabi/10.3.1/../../../../arm-none-eabi/lib/thumb/v7e-m+fp/hard\libc_nano.a(lib_a-printf.o)
                0x000000000800365c                iprintf
                0x000000000800365c                printf
 .text._puts_r  0x000000000800368c       0xdc d:/micro/stm32ide/stm32cubeide_1.11.0/stm32cubeide/plugins/com.st.stm32cube.ide.mcu.externaltools.gnu-tools-for-stm32.10.3-2021.10.win32_1.0.100.202210260954/tools/bin/../lib/gcc/arm-none-eabi/10.3.1/../../../../arm-none-eabi/lib/thumb/v7e-m+fp/hard\libc_nano.a(lib_a-puts.o)
                0x000000000800368c                _puts_r
 .text.puts     0x0000000008003768       0x10 d:/micro/stm32ide/stm32cubeide_1.11.0/stm32cubeide/plugins/com.st.stm32cube.ide.mcu.externaltools.gnu-tools-for-stm32.10.3-2021.10.win32_1.0.100.202210260954/tools/bin/../lib/gcc/arm-none-eabi/10.3.1/../../../../arm-none-eabi/lib/thumb/v7e-m+fp/hard\libc_nano.a(lib_a-puts.o)
                0x0000000008003768                puts
 .text.__swbuf_r
                0x0000000008003778       0xa4 d:/micro/stm32ide/stm32cubeide_1.11.0/stm32cubeide/plugins/com.st.stm32cube.ide.mcu.externaltools.gnu-tools-for-stm32.10.3-2021.10.win32_1.0.100.202210260954/tools/bin/../lib/gcc/arm-none-eabi/10.3.1/../../../../arm-none-eabi/lib/thumb/v7e-m+fp/hard\libc_nano.a(lib_a-wbuf.o)
                0x0000000008003778                __swbuf_r
 .text.__swsetup_r
                0x000000000800381c       0xdc d:/micro/stm32ide/stm32cubeide_1.11.0/stm32cubeide/plugins/com.st.stm32cube.ide.mcu.externaltools.gnu-tools-for-stm32.10.3-2021.10.win32_1.0.100.202210260954/tools/bin/../lib/gcc/arm-none-eabi/10.3.1/../../../../arm-none-eabi/lib/thumb/v7e-m+fp/hard\libc_nano.a(lib_a-wsetup.o)
                0x000000000800381c                __swsetup_r
 .text.__sflush_r
                0x00000000080038f8      0x10c d:/micro/stm32ide/stm32cubeide_1.11.0/stm32cubeide/plugins/com.st.stm32cube.ide.mcu.externaltools.gnu-tools-for-stm32.10.3-2021.10.win32_1.0.100.202210260954/tools/bin/../lib/gcc/arm-none-eabi/10.3.1/../../../../arm-none-eabi/lib/thumb/v7e-m+fp/hard\libc_nano.a(lib_a-fflush.o)
                0x00000000080038f8                __sflush_r
 .text._fflush_r
                0x0000000008003a04       0x78 d:/micro/stm32ide/stm32cubeide_1.11.0/stm32cubeide/plugins/com.st.stm32cube.ide.mcu.externaltools.gnu-tools-for-stm32.10.3-2021.10.win32_1.0.100.202210260954/tools/bin/../lib/gcc/arm-none-eabi/10.3.1/../../../../arm-none-eabi/lib/thumb/v7e-m+fp/hard\libc_nano.a(lib_a-fflush.o)
                0x0000000008003a04                _fflush_r
 .text.std      0x0000000008003a7c       0x48 d:/micro/stm32ide/stm32cubeide_1.11.0/stm32cubeide/plugins/com.st.stm32cube.ide.mcu.externaltools.gnu-tools-for-stm32.10.3-2021.10.win32_1.0.100.202210260954/tools/bin/../lib/gcc/arm-none-eabi/10.3.1/../../../../arm-none-eabi/lib/thumb/v7e-m+fp/hard\libc_nano.a(lib_a-findfp.o)
 .text._cleanup_r
                0x0000000008003ac4        0xc d:/micro/stm32ide/stm32cubeide_1.11.0/stm32cubeide/plugins/com.st.stm32cube.ide.mcu.externaltools.gnu-tools-for-stm32.10.3-2021.10.win32_1.0.100.202210260954/tools/bin/../lib/gcc/arm-none-eabi/10.3.1/../../../../arm-none-eabi/lib/thumb/v7e-m+fp/hard\libc_nano.a(lib_a-findfp.o)
                0x0000000008003ac4                _cleanup_r
 .text.__sfmoreglue
                0x0000000008003ad0       0x2c d:/micro/stm32ide/stm32cubeide_1.11.0/stm32cubeide/plugins/com.st.stm32cube.ide.mcu.externaltools.gnu-tools-for-stm32.10.3-2021.10.win32_1.0.100.202210260954/tools/bin/../lib/gcc/arm-none-eabi/10.3.1/../../../../arm-none-eabi/lib/thumb/v7e-m+fp/hard\libc_nano.a(lib_a-findfp.o)
                0x0000000008003ad0                __sfmoreglue
 .text.__sfp_lock_acquire
                0x0000000008003afc        0xc d:/micro/stm32ide/stm32cubeide_1.11.0/stm32cubeide/plugins/com.st.stm32cube.ide.mcu.externaltools.gnu-tools-for-stm32.10.3-2021.10.win32_1.0.100.202210260954/tools/bin/../lib/gcc/arm-none-eabi/10.3.1/../../../../arm-none-eabi/lib/thumb/v7e-m+fp/hard\libc_nano.a(lib_a-findfp.o)
                0x0000000008003afc                __sfp_lock_acquire
 .text.__sfp_lock_release
                0x0000000008003b08        0xc d:/micro/stm32ide/stm32cubeide_1.11.0/stm32cubeide/plugins/com.st.stm32cube.ide.mcu.externaltools.gnu-tools-for-stm32.10.3-2021.10.win32_1.0.100.202210260954/tools/bin/../lib/gcc/arm-none-eabi/10.3.1/../../../../arm-none-eabi/lib/thumb/v7e-m+fp/hard\libc_nano.a(lib_a-findfp.o)
                0x0000000008003b08                __sfp_lock_release
 .text.__sinit_lock_acquire
                0x0000000008003b14        0xc d:/micro/stm32ide/stm32cubeide_1.11.0/stm32cubeide/plugins/com.st.stm32cube.ide.mcu.externaltools.gnu-tools-for-stm32.10.3-2021.10.win32_1.0.100.202210260954/tools/bin/../lib/gcc/arm-none-eabi/10.3.1/../../../../arm-none-eabi/lib/thumb/v7e-m+fp/hard\libc_nano.a(lib_a-findfp.o)
                0x0000000008003b14                __sinit_lock_acquire
 .text.__sinit_lock_release
                0x0000000008003b20        0xc d:/micro/stm32ide/stm32cubeide_1.11.0/stm32cubeide/plugins/com.st.stm32cube.ide.mcu.externaltools.gnu-tools-for-stm32.10.3-2021.10.win32_1.0.100.202210260954/tools/bin/../lib/gcc/arm-none-eabi/10.3.1/../../../../arm-none-eabi/lib/thumb/v7e-m+fp/hard\libc_nano.a(lib_a-findfp.o)
                0x0000000008003b20                __sinit_lock_release
 .text.__sinit  0x0000000008003b2c       0x70 d:/micro/stm32ide/stm32cubeide_1.11.0/stm32cubeide/plugins/com.st.stm32cube.ide.mcu.externaltools.gnu-tools-for-stm32.10.3-2021.10.win32_1.0.100.202210260954/tools/bin/../lib/gcc/arm-none-eabi/10.3.1/../../../../arm-none-eabi/lib/thumb/v7e-m+fp/hard\libc_nano.a(lib_a-findfp.o)
                0x0000000008003b2c                __sinit
 .text.__sfp    0x0000000008003b9c       0x8c d:/micro/stm32ide/stm32cubeide_1.11.0/stm32cubeide/plugins/com.st.stm32cube.ide.mcu.externaltools.gnu-tools-for-stm32.10.3-2021.10.win32_1.0.100.202210260954/tools/bin/../lib/gcc/arm-none-eabi/10.3.1/../../../../arm-none-eabi/lib/thumb/v7e-m+fp/hard\libc_nano.a(lib_a-findfp.o)
                0x0000000008003b9c                __sfp
 .text._fwalk_reent
                0x0000000008003c28       0x3e d:/micro/stm32ide/stm32cubeide_1.11.0/stm32cubeide/plugins/com.st.stm32cube.ide.mcu.externaltools.gnu-tools-for-stm32.10.3-2021.10.win32_1.0.100.202210260954/tools/bin/../lib/gcc/arm-none-eabi/10.3.1/../../../../arm-none-eabi/lib/thumb/v7e-m+fp/hard\libc_nano.a(lib_a-fwalk.o)
                0x0000000008003c28                _fwalk_reent
 .text.__retarget_lock_init_recursive
                0x0000000008003c66        0x2 d:/micro/stm32ide/stm32cubeide_1.11.0/stm32cubeide/plugins/com.st.stm32cube.ide.mcu.externaltools.gnu-tools-for-stm32.10.3-2021.10.win32_1.0.100.202210260954/tools/bin/../lib/gcc/arm-none-eabi/10.3.1/../../../../arm-none-eabi/lib/thumb/v7e-m+fp/hard\libc_nano.a(lib_a-lock.o)
                0x0000000008003c66                __retarget_lock_init_recursive
 .text.__retarget_lock_acquire_recursive
                0x0000000008003c68        0x2 d:/micro/stm32ide/stm32cubeide_1.11.0/stm32cubeide/plugins/com.st.stm32cube.ide.mcu.externaltools.gnu-tools-for-stm32.10.3-2021.10.win32_1.0.100.202210260954/tools/bin/../lib/gcc/arm-none-eabi/10.3.1/../../../../arm-none-eabi/lib/thumb/v7e-m+fp/hard\libc_nano.a(lib_a-lock.o)
                0x0000000008003c68                __retarget_lock_acquire_recursive
 .text.__retarget_lock_release_recursive
                0x0000000008003c6a        0x2 d:/micro/stm32ide/stm32cubeide_1.11.0/stm32cubeide/plugins/com.st.stm32cube.ide.mcu.externaltools.gnu-tools-for-stm32.10.3-2021.10.win32_1.0.100.202210260954/tools/bin/../lib/gcc/arm-none-eabi/10.3.1/../../../../arm-none-eabi/lib/thumb/v7e-m+fp/hard\libc_nano.a(lib_a-lock.o)
                0x0000000008003c6a                __retarget_lock_release_recursive
 .text.__swhatbuf_r
                0x0000000008003c6c       0x4a d:/micro/stm32ide/stm32cubeide_1.11.0/stm32cubeide/plugins/com.st.stm32cube.ide.mcu.externaltools.gnu-tools-for-stm32.10.3-2021.10.win32_1.0.100.202210260954/tools/bin/../lib/gcc/arm-none-eabi/10.3.1/../../../../arm-none-eabi/lib/thumb/v7e-m+fp/hard\libc_nano.a(lib_a-makebuf.o)
                0x0000000008003c6c                __swhatbuf_r
 *fill*         0x0000000008003cb6        0x2 
 .text.__smakebuf_r
                0x0000000008003cb8       0x80 d:/micro/stm32ide/stm32cubeide_1.11.0/stm32cubeide/plugins/com.st.stm32cube.ide.mcu.externaltools.gnu-tools-for-stm32.10.3-2021.10.win32_1.0.100.202210260954/tools/bin/../lib/gcc/arm-none-eabi/10.3.1/../../../../arm-none-eabi/lib/thumb/v7e-m+fp/hard\libc_nano.a(lib_a-makebuf.o)
                0x0000000008003cb8                __smakebuf_r
 .text._free_r  0x0000000008003d38       0x98 d:/micro/stm32ide/stm32cubeide_1.11.0/stm32cubeide/plugins/com.st.stm32cube.ide.mcu.externaltools.gnu-tools-for-stm32.10.3-2021.10.win32_1.0.100.202210260954/tools/bin/../lib/gcc/arm-none-eabi/10.3.1/../../../../arm-none-eabi/lib/thumb/v7e-m+fp/hard\libc_nano.a(lib_a-nano-freer.o)
                0x0000000008003d38                _free_r
 .text.sbrk_aligned
                0x0000000008003dd0       0x40 d:/micro/stm32ide/stm32cubeide_1.11.0/stm32cubeide/plugins/com.st.stm32cube.ide.mcu.externaltools.gnu-tools-for-stm32.10.3-2021.10.win32_1.0.100.202210260954/tools/bin/../lib/gcc/arm-none-eabi/10.3.1/../../../../arm-none-eabi/lib/thumb/v7e-m+fp/hard\libc_nano.a(lib_a-nano-mallocr.o)
 .text._malloc_r
                0x0000000008003e10       0xe8 d:/micro/stm32ide/stm32cubeide_1.11.0/stm32cubeide/plugins/com.st.stm32cube.ide.mcu.externaltools.gnu-tools-for-stm32.10.3-2021.10.win32_1.0.100.202210260954/tools/bin/../lib/gcc/arm-none-eabi/10.3.1/../../../../arm-none-eabi/lib/thumb/v7e-m+fp/hard\libc_nano.a(lib_a-nano-mallocr.o)
                0x0000000008003e10                _malloc_r
 .text.__sfputc_r
                0x0000000008003ef8       0x2e d:/micro/stm32ide/stm32cubeide_1.11.0/stm32cubeide/plugins/com.st.stm32cube.ide.mcu.externaltools.gnu-tools-for-stm32.10.3-2021.10.win32_1.0.100.202210260954/tools/bin/../lib/gcc/arm-none-eabi/10.3.1/../../../../arm-none-eabi/lib/thumb/v7e-m+fp/hard\libc_nano.a(lib_a-nano-vfprintf.o)
 .text.__sfputs_r
                0x0000000008003f26       0x24 d:/micro/stm32ide/stm32cubeide_1.11.0/stm32cubeide/plugins/com.st.stm32cube.ide.mcu.externaltools.gnu-tools-for-stm32.10.3-2021.10.win32_1.0.100.202210260954/tools/bin/../lib/gcc/arm-none-eabi/10.3.1/../../../../arm-none-eabi/lib/thumb/v7e-m+fp/hard\libc_nano.a(lib_a-nano-vfprintf.o)
                0x0000000008003f26                __sfputs_r
 *fill*         0x0000000008003f4a        0x2 
 .text._vfprintf_r
                0x0000000008003f4c      0x260 d:/micro/stm32ide/stm32cubeide_1.11.0/stm32cubeide/plugins/com.st.stm32cube.ide.mcu.externaltools.gnu-tools-for-stm32.10.3-2021.10.win32_1.0.100.202210260954/tools/bin/../lib/gcc/arm-none-eabi/10.3.1/../../../../arm-none-eabi/lib/thumb/v7e-m+fp/hard\libc_nano.a(lib_a-nano-vfprintf.o)
                0x0000000008003f4c                _vfprintf_r
                0x0000000008003f4c                _vfiprintf_r
 .text._printf_common
                0x00000000080041ac       0xda d:/micro/stm32ide/stm32cubeide_1.11.0/stm32cubeide/plugins/com.st.stm32cube.ide.mcu.externaltools.gnu-tools-for-stm32.10.3-2021.10.win32_1.0.100.202210260954/tools/bin/../lib/gcc/arm-none-eabi/10.3.1/../../../../arm-none-eabi/lib/thumb/v7e-m+fp/hard\libc_nano.a(lib_a-nano-vfprintf_i.o)
                0x00000000080041ac                _printf_common
 *fill*         0x0000000008004286        0x2 
 .text._printf_i
                0x0000000008004288      0x24c d:/micro/stm32ide/stm32cubeide_1.11.0/stm32cubeide/plugins/com.st.stm32cube.ide.mcu.externaltools.gnu-tools-for-stm32.10.3-2021.10.win32_1.0.100.202210260954/tools/bin/../lib/gcc/arm-none-eabi/10.3.1/../../../../arm-none-eabi/lib/thumb/v7e-m+fp/hard\libc_nano.a(lib_a-nano-vfprintf_i.o)
                0x0000000008004288                _printf_i
 .text._sbrk_r  0x00000000080044d4       0x20 d:/micro/stm32ide/stm32cubeide_1.11.0/stm32cubeide/plugins/com.st.stm32cube.ide.mcu.externaltools.gnu-tools-for-stm32.10.3-2021.10.win32_1.0.100.202210260954/tools/bin/../lib/gcc/arm-none-eabi/10.3.1/../../../../arm-none-eabi/lib/thumb/v7e-m+fp/hard\libc_nano.a(lib_a-sbrkr.o)
                0x00000000080044d4                _sbrk_r
 .text.__sread  0x00000000080044f4       0x22 d:/micro/stm32ide/stm32cubeide_1.11.0/stm32cubeide/plugins/com.st.stm32cube.ide.mcu.externaltools.gnu-tools-for-stm32.10.3-2021.10.win32_1.0.100.202210260954/tools/bin/../lib/gcc/arm-none-eabi/10.3.1/../../../../arm-none-eabi/lib/thumb/v7e-m+fp/hard\libc_nano.a(lib_a-stdio.o)
                0x00000000080044f4                __sread
 .text.__swrite
                0x0000000008004516       0x38 d:/micro/stm32ide/stm32cubeide_1.11.0/stm32cubeide/plugins/com.st.stm32cube.ide.mcu.externaltools.gnu-tools-for-stm32.10.3-2021.10.win32_1.0.100.202210260954/tools/bin/../lib/gcc/arm-none-eabi/10.3.1/../../../../arm-none-eabi/lib/thumb/v7e-m+fp/hard\libc_nano.a(lib_a-stdio.o)
                0x0000000008004516                __swrite
 .text.__sseek  0x000000000800454e       0x24 d:/micro/stm32ide/stm32cubeide_1.11.0/stm32cubeide/plugins/com.st.stm32cube.ide.mcu.externaltools.gnu-tools-for-stm32.10.3-2021.10.win32_1.0.100.202210260954/tools/bin/../lib/gcc/arm-none-eabi/10.3.1/../../../../arm-none-eabi/lib/thumb/v7e-m+fp/hard\libc_nano.a(lib_a-stdio.o)
                0x000000000800454e                __sseek
 .text.__sclose
                0x0000000008004572        0x8 d:/micro/stm32ide/stm32cubeide_1.11.0/stm32cubeide/plugins/com.st.stm32cube.ide.mcu.externaltools.gnu-tools-for-stm32.10.3-2021.10.win32_1.0.100.202210260954/tools/bin/../lib/gcc/arm-none-eabi/10.3.1/../../../../arm-none-eabi/lib/thumb/v7e-m+fp/hard\libc_nano.a(lib_a-stdio.o)
                0x0000000008004572                __sclose
 *fill*         0x000000000800457a        0x2 
 .text._write_r
                0x000000000800457c       0x24 d:/micro/stm32ide/stm32cubeide_1.11.0/stm32cubeide/plugins/com.st.stm32cube.ide.mcu.externaltools.gnu-tools-for-stm32.10.3-2021.10.win32_1.0.100.202210260954/tools/bin/../lib/gcc/arm-none-eabi/10.3.1/../../../../arm-none-eabi/lib/thumb/v7e-m+fp/hard\libc_nano.a(lib_a-writer.o)
                0x000000000800457c                _write_r
 .text._close_r
                0x00000000080045a0       0x20 d:/micro/stm32ide/stm32cubeide_1.11.0/stm32cubeide/plugins/com.st.stm32cube.ide.mcu.externaltools.gnu-tools-for-stm32.10.3-2021.10.win32_1.0.100.202210260954/tools/bin/../lib/gcc/arm-none-eabi/10.3.1/../../../../arm-none-eabi/lib/thumb/v7e-m+fp/hard\libc_nano.a(lib_a-closer.o)
                0x00000000080045a0                _close_r
 .text._fstat_r
                0x00000000080045c0       0x24 d:/micro/stm32ide/stm32cubeide_1.11.0/stm32cubeide/plugins/com.st.stm32cube.ide.mcu.externaltools.gnu-tools-for-stm32.10.3-2021.10.win32_1.0.100.202210260954/tools/bin/../lib/gcc/arm-none-eabi/10.3.1/../../../../arm-none-eabi/lib/thumb/v7e-m+fp/hard\libc_nano.a(lib_a-fstatr.o)
                0x00000000080045c0                _fstat_r
 .text._isatty_r
                0x00000000080045e4       0x20 d:/micro/stm32ide/stm32cubeide_1.11.0/stm32cubeide/plugins/com.st.stm32cube.ide.mcu.externaltools.gnu-tools-for-stm32.10.3-2021.10.win32_1.0.100.202210260954/tools/bin/../lib/gcc/arm-none-eabi/10.3.1/../../../../arm-none-eabi/lib/thumb/v7e-m+fp/hard\libc_nano.a(lib_a-isattyr.o)
                0x00000000080045e4                _isatty_r
 .text._lseek_r
                0x0000000008004604       0x24 d:/micro/stm32ide/stm32cubeide_1.11.0/stm32cubeide/plugins/com.st.stm32cube.ide.mcu.externaltools.gnu-tools-for-stm32.10.3-2021.10.win32_1.0.100.202210260954/tools/bin/../lib/gcc/arm-none-eabi/10.3.1/../../../../arm-none-eabi/lib/thumb/v7e-m+fp/hard\libc_nano.a(lib_a-lseekr.o)
                0x0000000008004604                _lseek_r
 .text.__malloc_lock
                0x0000000008004628        0xc d:/micro/stm32ide/stm32cubeide_1.11.0/stm32cubeide/plugins/com.st.stm32cube.ide.mcu.externaltools.gnu-tools-for-stm32.10.3-2021.10.win32_1.0.100.202210260954/tools/bin/../lib/gcc/arm-none-eabi/10.3.1/../../../../arm-none-eabi/lib/thumb/v7e-m+fp/hard\libc_nano.a(lib_a-mlock.o)
                0x0000000008004628                __malloc_lock
 .text.__malloc_unlock
                0x0000000008004634        0xc d:/micro/stm32ide/stm32cubeide_1.11.0/stm32cubeide/plugins/com.st.stm32cube.ide.mcu.externaltools.gnu-tools-for-stm32.10.3-2021.10.win32_1.0.100.202210260954/tools/bin/../lib/gcc/arm-none-eabi/10.3.1/../../../../arm-none-eabi/lib/thumb/v7e-m+fp/hard\libc_nano.a(lib_a-mlock.o)
                0x0000000008004634                __malloc_unlock
 .text._read_r  0x0000000008004640       0x24 d:/micro/stm32ide/stm32cubeide_1.11.0/stm32cubeide/plugins/com.st.stm32cube.ide.mcu.externaltools.gnu-tools-for-stm32.10.3-2021.10.win32_1.0.100.202210260954/tools/bin/../lib/gcc/arm-none-eabi/10.3.1/../../../../arm-none-eabi/lib/thumb/v7e-m+fp/hard\libc_nano.a(lib_a-readr.o)
                0x0000000008004640                _read_r
 *(.glue_7)
 .glue_7        0x0000000008004664        0x0 linker stubs
 *(.glue_7t)
 .glue_7t       0x0000000008004664        0x0 linker stubs
 *(.eh_frame)
 .eh_frame      0x0000000008004664        0x0 d:/micro/stm32ide/stm32cubeide_1.11.0/stm32cubeide/plugins/com.st.stm32cube.ide.mcu.externaltools.gnu-tools-for-stm32.10.3-2021.10.win32_1.0.100.202210260954/tools/bin/../lib/gcc/arm-none-eabi/10.3.1/thumb/v7e-m+fp/hard/crtbegin.o
 *(.init)
 .init          0x0000000008004664        0x4 d:/micro/stm32ide/stm32cubeide_1.11.0/stm32cubeide/plugins/com.st.stm32cube.ide.mcu.externaltools.gnu-tools-for-stm32.10.3-2021.10.win32_1.0.100.202210260954/tools/bin/../lib/gcc/arm-none-eabi/10.3.1/thumb/v7e-m+fp/hard/crti.o
                0x0000000008004664                _init
 .init          0x0000000008004668        0x8 d:/micro/stm32ide/stm32cubeide_1.11.0/stm32cubeide/plugins/com.st.stm32cube.ide.mcu.externaltools.gnu-tools-for-stm32.10.3-2021.10.win32_1.0.100.202210260954/tools/bin/../lib/gcc/arm-none-eabi/10.3.1/thumb/v7e-m+fp/hard/crtn.o
 *(.fini)
 .fini          0x0000000008004670        0x4 d:/micro/stm32ide/stm32cubeide_1.11.0/stm32cubeide/plugins/com.st.stm32cube.ide.mcu.externaltools.gnu-tools-for-stm32.10.3-2021.10.win32_1.0.100.202210260954/tools/bin/../lib/gcc/arm-none-eabi/10.3.1/thumb/v7e-m+fp/hard/crti.o
                0x0000000008004670                _fini
 .fini          0x0000000008004674        0x8 d:/micro/stm32ide/stm32cubeide_1.11.0/stm32cubeide/plugins/com.st.stm32cube.ide.mcu.externaltools.gnu-tools-for-stm32.10.3-2021.10.win32_1.0.100.202210260954/tools/bin/../lib/gcc/arm-none-eabi/10.3.1/thumb/v7e-m+fp/hard/crtn.o
                0x000000000800467c                . = ALIGN (0x4)
                0x000000000800467c                _etext = .

.vfp11_veneer   0x000000000800467c        0x0
 .vfp11_veneer  0x000000000800467c        0x0 linker stubs

.v4_bx          0x000000000800467c        0x0
 .v4_bx         0x000000000800467c        0x0 linker stubs

.iplt           0x000000000800467c        0x0
 .iplt          0x000000000800467c        0x0 d:/micro/stm32ide/stm32cubeide_1.11.0/stm32cubeide/plugins/com.st.stm32cube.ide.mcu.externaltools.gnu-tools-for-stm32.10.3-2021.10.win32_1.0.100.202210260954/tools/bin/../lib/gcc/arm-none-eabi/10.3.1/thumb/v7e-m+fp/hard/crtbegin.o

.rodata         0x000000000800467c      0x2ec
                0x000000000800467c                . = ALIGN (0x4)
 *(.rodata)
 .rodata        0x000000000800467c       0x3b ./Core/Src/bno055.o
 *fill*         0x00000000080046b7        0x1 
 .rodata        0x00000000080046b8      0x1fd ./Core/Src/main.o
 *(.rodata*)
 *fill*         0x00000000080048b5        0x3 
 .rodata.AHBPrescTable
                0x00000000080048b8       0x10 ./Core/Src/system_stm32f4xx.o
                0x00000000080048b8                AHBPrescTable
 .rodata.APBPrescTable
                0x00000000080048c8        0x8 ./Core/Src/system_stm32f4xx.o
                0x00000000080048c8                APBPrescTable
 .rodata._global_impure_ptr
                0x00000000080048d0        0x4 d:/micro/stm32ide/stm32cubeide_1.11.0/stm32cubeide/plugins/com.st.stm32cube.ide.mcu.externaltools.gnu-tools-for-stm32.10.3-2021.10.win32_1.0.100.202210260954/tools/bin/../lib/gcc/arm-none-eabi/10.3.1/../../../../arm-none-eabi/lib/thumb/v7e-m+fp/hard\libc_nano.a(lib_a-impure.o)
                0x00000000080048d0                _global_impure_ptr
 .rodata.__sf_fake_stderr
                0x00000000080048d4       0x20 d:/micro/stm32ide/stm32cubeide_1.11.0/stm32cubeide/plugins/com.st.stm32cube.ide.mcu.externaltools.gnu-tools-for-stm32.10.3-2021.10.win32_1.0.100.202210260954/tools/bin/../lib/gcc/arm-none-eabi/10.3.1/../../../../arm-none-eabi/lib/thumb/v7e-m+fp/hard\libc_nano.a(lib_a-findfp.o)
                0x00000000080048d4                __sf_fake_stderr
 .rodata.__sf_fake_stdin
                0x00000000080048f4       0x20 d:/micro/stm32ide/stm32cubeide_1.11.0/stm32cubeide/plugins/com.st.stm32cube.ide.mcu.externaltools.gnu-tools-for-stm32.10.3-2021.10.win32_1.0.100.202210260954/tools/bin/../lib/gcc/arm-none-eabi/10.3.1/../../../../arm-none-eabi/lib/thumb/v7e-m+fp/hard\libc_nano.a(lib_a-findfp.o)
                0x00000000080048f4                __sf_fake_stdin
 .rodata.__sf_fake_stdout
                0x0000000008004914       0x20 d:/micro/stm32ide/stm32cubeide_1.11.0/stm32cubeide/plugins/com.st.stm32cube.ide.mcu.externaltools.gnu-tools-for-stm32.10.3-2021.10.win32_1.0.100.202210260954/tools/bin/../lib/gcc/arm-none-eabi/10.3.1/../../../../arm-none-eabi/lib/thumb/v7e-m+fp/hard\libc_nano.a(lib_a-findfp.o)
                0x0000000008004914                __sf_fake_stdout
 .rodata._vfprintf_r.str1.1
                0x0000000008004934       0x11 d:/micro/stm32ide/stm32cubeide_1.11.0/stm32cubeide/plugins/com.st.stm32cube.ide.mcu.externaltools.gnu-tools-for-stm32.10.3-2021.10.win32_1.0.100.202210260954/tools/bin/../lib/gcc/arm-none-eabi/10.3.1/../../../../arm-none-eabi/lib/thumb/v7e-m+fp/hard\libc_nano.a(lib_a-nano-vfprintf.o)
 .rodata._printf_i.str1.1
                0x0000000008004945       0x22 d:/micro/stm32ide/stm32cubeide_1.11.0/stm32cubeide/plugins/com.st.stm32cube.ide.mcu.externaltools.gnu-tools-for-stm32.10.3-2021.10.win32_1.0.100.202210260954/tools/bin/../lib/gcc/arm-none-eabi/10.3.1/../../../../arm-none-eabi/lib/thumb/v7e-m+fp/hard\libc_nano.a(lib_a-nano-vfprintf_i.o)
                0x0000000008004968                . = ALIGN (0x4)
 *fill*         0x0000000008004967        0x1 

.ARM.extab      0x0000000008004968        0x0
                0x0000000008004968                . = ALIGN (0x4)
 *(.ARM.extab* .gnu.linkonce.armextab.*)
                0x0000000008004968                . = ALIGN (0x4)

.ARM            0x0000000008004968        0x8
                0x0000000008004968                . = ALIGN (0x4)
                0x0000000008004968                __exidx_start = .
 *(.ARM.exidx*)
 .ARM.exidx     0x0000000008004968        0x8 d:/micro/stm32ide/stm32cubeide_1.11.0/stm32cubeide/plugins/com.st.stm32cube.ide.mcu.externaltools.gnu-tools-for-stm32.10.3-2021.10.win32_1.0.100.202210260954/tools/bin/../lib/gcc/arm-none-eabi/10.3.1/thumb/v7e-m+fp/hard\libgcc.a(_udivmoddi4.o)
                0x0000000008004970                __exidx_end = .
                0x0000000008004970                . = ALIGN (0x4)

.rel.dyn        0x0000000008004970        0x0
 .rel.iplt      0x0000000008004970        0x0 d:/micro/stm32ide/stm32cubeide_1.11.0/stm32cubeide/plugins/com.st.stm32cube.ide.mcu.externaltools.gnu-tools-for-stm32.10.3-2021.10.win32_1.0.100.202210260954/tools/bin/../lib/gcc/arm-none-eabi/10.3.1/thumb/v7e-m+fp/hard/crtbegin.o

.preinit_array  0x0000000008004970        0x0
                0x0000000008004970                . = ALIGN (0x4)
                0x0000000008004970                PROVIDE (__preinit_array_start = .)
 *(.preinit_array*)
                0x0000000008004970                PROVIDE (__preinit_array_end = .)
                0x0000000008004970                . = ALIGN (0x4)

.init_array     0x0000000008004970        0x4
                0x0000000008004970                . = ALIGN (0x4)
                0x0000000008004970                PROVIDE (__init_array_start = .)
 *(SORT_BY_NAME(.init_array.*))
 *(.init_array*)
 .init_array    0x0000000008004970        0x4 d:/micro/stm32ide/stm32cubeide_1.11.0/stm32cubeide/plugins/com.st.stm32cube.ide.mcu.externaltools.gnu-tools-for-stm32.10.3-2021.10.win32_1.0.100.202210260954/tools/bin/../lib/gcc/arm-none-eabi/10.3.1/thumb/v7e-m+fp/hard/crtbegin.o
                0x0000000008004974                PROVIDE (__init_array_end = .)
                0x0000000008004974                . = ALIGN (0x4)

.fini_array     0x0000000008004974        0x4
                0x0000000008004974                . = ALIGN (0x4)
                [!provide]                        PROVIDE (__fini_array_start = .)
 *(SORT_BY_NAME(.fini_array.*))
 *(.fini_array*)
 .fini_array    0x0000000008004974        0x4 d:/micro/stm32ide/stm32cubeide_1.11.0/stm32cubeide/plugins/com.st.stm32cube.ide.mcu.externaltools.gnu-tools-for-stm32.10.3-2021.10.win32_1.0.100.202210260954/tools/bin/../lib/gcc/arm-none-eabi/10.3.1/thumb/v7e-m+fp/hard/crtbegin.o
                [!provide]                        PROVIDE (__fini_array_end = .)
                0x0000000008004978                . = ALIGN (0x4)
                0x0000000008004978                _sidata = LOADADDR (.data)

.data           0x0000000020000000       0x7c load address 0x0000000008004978
                0x0000000020000000                . = ALIGN (0x4)
                0x0000000020000000                _sdata = .
 *(.data)
 *(.data*)
 .data.accelScale
                0x0000000020000000        0x2 ./Core/Src/bno055.o
                0x0000000020000000                accelScale
 .data.angularRateScale
                0x0000000020000002        0x2 ./Core/Src/bno055.o
                0x0000000020000002                angularRateScale
 .data.eulerScale
                0x0000000020000004        0x2 ./Core/Src/bno055.o
                0x0000000020000004                eulerScale
 .data.magScale
                0x0000000020000006        0x2 ./Core/Src/bno055.o
                0x0000000020000006                magScale
 .data.quaScale
                0x0000000020000008        0x2 ./Core/Src/bno055.o
                0x0000000020000008                quaScale
 *fill*         0x000000002000000a        0x2 
 .data.SystemCoreClock
                0x000000002000000c        0x4 ./Core/Src/system_stm32f4xx.o
                0x000000002000000c                SystemCoreClock
 .data.uwTickPrio
                0x0000000020000010        0x4 ./Drivers/STM32F4xx_HAL_Driver/Src/stm32f4xx_hal.o
                0x0000000020000010                uwTickPrio
 .data.uwTickFreq
                0x0000000020000014        0x1 ./Drivers/STM32F4xx_HAL_Driver/Src/stm32f4xx_hal.o
                0x0000000020000014                uwTickFreq
 *fill*         0x0000000020000015        0x3 
 .data._impure_ptr
                0x0000000020000018        0x4 d:/micro/stm32ide/stm32cubeide_1.11.0/stm32cubeide/plugins/com.st.stm32cube.ide.mcu.externaltools.gnu-tools-for-stm32.10.3-2021.10.win32_1.0.100.202210260954/tools/bin/../lib/gcc/arm-none-eabi/10.3.1/../../../../arm-none-eabi/lib/thumb/v7e-m+fp/hard\libc_nano.a(lib_a-impure.o)
                0x0000000020000018                _impure_ptr
 .data.impure_data
                0x000000002000001c       0x60 d:/micro/stm32ide/stm32cubeide_1.11.0/stm32cubeide/plugins/com.st.stm32cube.ide.mcu.externaltools.gnu-tools-for-stm32.10.3-2021.10.win32_1.0.100.202210260954/tools/bin/../lib/gcc/arm-none-eabi/10.3.1/../../../../arm-none-eabi/lib/thumb/v7e-m+fp/hard\libc_nano.a(lib_a-impure.o)
 *(.RamFunc)
 *(.RamFunc*)
                0x000000002000007c                . = ALIGN (0x4)
                0x000000002000007c                _edata = .

.igot.plt       0x000000002000007c        0x0 load address 0x00000000080049f4
 .igot.plt      0x000000002000007c        0x0 d:/micro/stm32ide/stm32cubeide_1.11.0/stm32cubeide/plugins/com.st.stm32cube.ide.mcu.externaltools.gnu-tools-for-stm32.10.3-2021.10.win32_1.0.100.202210260954/tools/bin/../lib/gcc/arm-none-eabi/10.3.1/thumb/v7e-m+fp/hard/crtbegin.o
                0x000000002000007c                . = ALIGN (0x4)

.bss            0x0000000020000080       0xb0 load address 0x00000000080049f4
                0x0000000020000080                _sbss = .
                0x0000000020000080                __bss_start__ = _sbss
 *(.bss)
 .bss           0x0000000020000080       0x1c d:/micro/stm32ide/stm32cubeide_1.11.0/stm32cubeide/plugins/com.st.stm32cube.ide.mcu.externaltools.gnu-tools-for-stm32.10.3-2021.10.win32_1.0.100.202210260954/tools/bin/../lib/gcc/arm-none-eabi/10.3.1/thumb/v7e-m+fp/hard/crtbegin.o
 *(.bss*)
 .bss.hi2c1     0x000000002000009c       0x54 ./Core/Src/i2c.o
                0x000000002000009c                hi2c1
 .bss._bno055_i2c_port
                0x00000000200000f0        0x4 ./Core/Src/main.o
                0x00000000200000f0                _bno055_i2c_port
 *fill*         0x00000000200000f4        0x4 
 .bss.v         0x00000000200000f8       0x20 ./Core/Src/main.o
                0x00000000200000f8                v
 .bss.__sbrk_heap_end
                0x0000000020000118        0x4 ./Core/Src/sysmem.o
 .bss.uwTick    0x000000002000011c        0x4 ./Drivers/STM32F4xx_HAL_Driver/Src/stm32f4xx_hal.o
                0x000000002000011c                uwTick
 .bss.__lock___malloc_recursive_mutex
                0x0000000020000120        0x1 d:/micro/stm32ide/stm32cubeide_1.11.0/stm32cubeide/plugins/com.st.stm32cube.ide.mcu.externaltools.gnu-tools-for-stm32.10.3-2021.10.win32_1.0.100.202210260954/tools/bin/../lib/gcc/arm-none-eabi/10.3.1/../../../../arm-none-eabi/lib/thumb/v7e-m+fp/hard\libc_nano.a(lib_a-lock.o)
                0x0000000020000120                __lock___malloc_recursive_mutex
 .bss.__lock___sfp_recursive_mutex
                0x0000000020000121        0x1 d:/micro/stm32ide/stm32cubeide_1.11.0/stm32cubeide/plugins/com.st.stm32cube.ide.mcu.externaltools.gnu-tools-for-stm32.10.3-2021.10.win32_1.0.100.202210260954/tools/bin/../lib/gcc/arm-none-eabi/10.3.1/../../../../arm-none-eabi/lib/thumb/v7e-m+fp/hard\libc_nano.a(lib_a-lock.o)
                0x0000000020000121                __lock___sfp_recursive_mutex
 .bss.__lock___sinit_recursive_mutex
                0x0000000020000122        0x1 d:/micro/stm32ide/stm32cubeide_1.11.0/stm32cubeide/plugins/com.st.stm32cube.ide.mcu.externaltools.gnu-tools-for-stm32.10.3-2021.10.win32_1.0.100.202210260954/tools/bin/../lib/gcc/arm-none-eabi/10.3.1/../../../../arm-none-eabi/lib/thumb/v7e-m+fp/hard\libc_nano.a(lib_a-lock.o)
                0x0000000020000122                __lock___sinit_recursive_mutex
 *fill*         0x0000000020000123        0x1 
 .bss.__malloc_free_list
                0x0000000020000124        0x4 d:/micro/stm32ide/stm32cubeide_1.11.0/stm32cubeide/plugins/com.st.stm32cube.ide.mcu.externaltools.gnu-tools-for-stm32.10.3-2021.10.win32_1.0.100.202210260954/tools/bin/../lib/gcc/arm-none-eabi/10.3.1/../../../../arm-none-eabi/lib/thumb/v7e-m+fp/hard\libc_nano.a(lib_a-nano-mallocr.o)
                0x0000000020000124                __malloc_free_list
 .bss.__malloc_sbrk_start
                0x0000000020000128        0x4 d:/micro/stm32ide/stm32cubeide_1.11.0/stm32cubeide/plugins/com.st.stm32cube.ide.mcu.externaltools.gnu-tools-for-stm32.10.3-2021.10.win32_1.0.100.202210260954/tools/bin/../lib/gcc/arm-none-eabi/10.3.1/../../../../arm-none-eabi/lib/thumb/v7e-m+fp/hard\libc_nano.a(lib_a-nano-mallocr.o)
                0x0000000020000128                __malloc_sbrk_start
 .bss.errno     0x000000002000012c        0x4 d:/micro/stm32ide/stm32cubeide_1.11.0/stm32cubeide/plugins/com.st.stm32cube.ide.mcu.externaltools.gnu-tools-for-stm32.10.3-2021.10.win32_1.0.100.202210260954/tools/bin/../lib/gcc/arm-none-eabi/10.3.1/../../../../arm-none-eabi/lib/thumb/v7e-m+fp/hard\libc_nano.a(lib_a-reent.o)
                0x000000002000012c                errno
 *(COMMON)
                0x0000000020000130                . = ALIGN (0x4)
                0x0000000020000130                _ebss = .
                0x0000000020000130                __bss_end__ = _ebss

._user_heap_stack
                0x0000000020000130      0x600 load address 0x00000000080049f4
                0x0000000020000130                . = ALIGN (0x8)
                [!provide]                        PROVIDE (end = .)
                0x0000000020000130                PROVIDE (_end = .)
                0x0000000020000330                . = (. + _Min_Heap_Size)
 *fill*         0x0000000020000130      0x200 
                0x0000000020000730                . = (. + _Min_Stack_Size)
 *fill*         0x0000000020000330      0x400 
                0x0000000020000730                . = ALIGN (0x8)

/DISCARD/
 libc.a(*)
 libm.a(*)
 libgcc.a(*)

.ARM.attributes
                0x0000000000000000       0x30
 *(.ARM.attributes)
 .ARM.attributes
                0x0000000000000000       0x1e d:/micro/stm32ide/stm32cubeide_1.11.0/stm32cubeide/plugins/com.st.stm32cube.ide.mcu.externaltools.gnu-tools-for-stm32.10.3-2021.10.win32_1.0.100.202210260954/tools/bin/../lib/gcc/arm-none-eabi/10.3.1/thumb/v7e-m+fp/hard/crti.o
 .ARM.attributes
                0x000000000000001e       0x34 d:/micro/stm32ide/stm32cubeide_1.11.0/stm32cubeide/plugins/com.st.stm32cube.ide.mcu.externaltools.gnu-tools-for-stm32.10.3-2021.10.win32_1.0.100.202210260954/tools/bin/../lib/gcc/arm-none-eabi/10.3.1/thumb/v7e-m+fp/hard/crtbegin.o
 .ARM.attributes
                0x0000000000000052       0x34 ./Core/Src/bno055.o
 .ARM.attributes
                0x0000000000000086       0x34 ./Core/Src/gpio.o
 .ARM.attributes
                0x00000000000000ba       0x34 ./Core/Src/i2c.o
 .ARM.attributes
                0x00000000000000ee       0x34 ./Core/Src/main.o
 .ARM.attributes
                0x0000000000000122       0x34 ./Core/Src/stm32f4xx_hal_msp.o
 .ARM.attributes
                0x0000000000000156       0x34 ./Core/Src/stm32f4xx_it.o
 .ARM.attributes
                0x000000000000018a       0x34 ./Core/Src/syscalls.o
 .ARM.attributes
                0x00000000000001be       0x34 ./Core/Src/sysmem.o
 .ARM.attributes
                0x00000000000001f2       0x34 ./Core/Src/system_stm32f4xx.o
 .ARM.attributes
                0x0000000000000226       0x21 ./Core/Startup/startup_stm32f401retx.o
 .ARM.attributes
                0x0000000000000247       0x34 ./Drivers/STM32F4xx_HAL_Driver/Src/stm32f4xx_hal.o
 .ARM.attributes
                0x000000000000027b       0x34 ./Drivers/STM32F4xx_HAL_Driver/Src/stm32f4xx_hal_cortex.o
 .ARM.attributes
                0x00000000000002af       0x34 ./Drivers/STM32F4xx_HAL_Driver/Src/stm32f4xx_hal_gpio.o
 .ARM.attributes
                0x00000000000002e3       0x34 ./Drivers/STM32F4xx_HAL_Driver/Src/stm32f4xx_hal_i2c.o
 .ARM.attributes
                0x0000000000000317       0x34 ./Drivers/STM32F4xx_HAL_Driver/Src/stm32f4xx_hal_rcc.o
 .ARM.attributes
                0x000000000000034b       0x34 d:/micro/stm32ide/stm32cubeide_1.11.0/stm32cubeide/plugins/com.st.stm32cube.ide.mcu.externaltools.gnu-tools-for-stm32.10.3-2021.10.win32_1.0.100.202210260954/tools/bin/../lib/gcc/arm-none-eabi/10.3.1/../../../../arm-none-eabi/lib/thumb/v7e-m+fp/hard\libc_nano.a(lib_a-errno.o)
 .ARM.attributes
                0x000000000000037f       0x34 d:/micro/stm32ide/stm32cubeide_1.11.0/stm32cubeide/plugins/com.st.stm32cube.ide.mcu.externaltools.gnu-tools-for-stm32.10.3-2021.10.win32_1.0.100.202210260954/tools/bin/../lib/gcc/arm-none-eabi/10.3.1/../../../../arm-none-eabi/lib/thumb/v7e-m+fp/hard\libc_nano.a(lib_a-impure.o)
 .ARM.attributes
                0x00000000000003b3       0x34 d:/micro/stm32ide/stm32cubeide_1.11.0/stm32cubeide/plugins/com.st.stm32cube.ide.mcu.externaltools.gnu-tools-for-stm32.10.3-2021.10.win32_1.0.100.202210260954/tools/bin/../lib/gcc/arm-none-eabi/10.3.1/../../../../arm-none-eabi/lib/thumb/v7e-m+fp/hard\libc_nano.a(lib_a-init.o)
 .ARM.attributes
                0x00000000000003e7       0x34 d:/micro/stm32ide/stm32cubeide_1.11.0/stm32cubeide/plugins/com.st.stm32cube.ide.mcu.externaltools.gnu-tools-for-stm32.10.3-2021.10.win32_1.0.100.202210260954/tools/bin/../lib/gcc/arm-none-eabi/10.3.1/../../../../arm-none-eabi/lib/thumb/v7e-m+fp/hard\libc_nano.a(lib_a-memset.o)
 .ARM.attributes
                0x000000000000041b       0x34 d:/micro/stm32ide/stm32cubeide_1.11.0/stm32cubeide/plugins/com.st.stm32cube.ide.mcu.externaltools.gnu-tools-for-stm32.10.3-2021.10.win32_1.0.100.202210260954/tools/bin/../lib/gcc/arm-none-eabi/10.3.1/../../../../arm-none-eabi/lib/thumb/v7e-m+fp/hard\libc_nano.a(lib_a-printf.o)
 .ARM.attributes
                0x000000000000044f       0x34 d:/micro/stm32ide/stm32cubeide_1.11.0/stm32cubeide/plugins/com.st.stm32cube.ide.mcu.externaltools.gnu-tools-for-stm32.10.3-2021.10.win32_1.0.100.202210260954/tools/bin/../lib/gcc/arm-none-eabi/10.3.1/../../../../arm-none-eabi/lib/thumb/v7e-m+fp/hard\libc_nano.a(lib_a-puts.o)
 .ARM.attributes
                0x0000000000000483       0x34 d:/micro/stm32ide/stm32cubeide_1.11.0/stm32cubeide/plugins/com.st.stm32cube.ide.mcu.externaltools.gnu-tools-for-stm32.10.3-2021.10.win32_1.0.100.202210260954/tools/bin/../lib/gcc/arm-none-eabi/10.3.1/../../../../arm-none-eabi/lib/thumb/v7e-m+fp/hard\libc_nano.a(lib_a-wbuf.o)
 .ARM.attributes
                0x00000000000004b7       0x34 d:/micro/stm32ide/stm32cubeide_1.11.0/stm32cubeide/plugins/com.st.stm32cube.ide.mcu.externaltools.gnu-tools-for-stm32.10.3-2021.10.win32_1.0.100.202210260954/tools/bin/../lib/gcc/arm-none-eabi/10.3.1/../../../../arm-none-eabi/lib/thumb/v7e-m+fp/hard\libc_nano.a(lib_a-wsetup.o)
 .ARM.attributes
                0x00000000000004eb       0x34 d:/micro/stm32ide/stm32cubeide_1.11.0/stm32cubeide/plugins/com.st.stm32cube.ide.mcu.externaltools.gnu-tools-for-stm32.10.3-2021.10.win32_1.0.100.202210260954/tools/bin/../lib/gcc/arm-none-eabi/10.3.1/../../../../arm-none-eabi/lib/thumb/v7e-m+fp/hard\libc_nano.a(lib_a-fflush.o)
 .ARM.attributes
                0x000000000000051f       0x34 d:/micro/stm32ide/stm32cubeide_1.11.0/stm32cubeide/plugins/com.st.stm32cube.ide.mcu.externaltools.gnu-tools-for-stm32.10.3-2021.10.win32_1.0.100.202210260954/tools/bin/../lib/gcc/arm-none-eabi/10.3.1/../../../../arm-none-eabi/lib/thumb/v7e-m+fp/hard\libc_nano.a(lib_a-findfp.o)
 .ARM.attributes
                0x0000000000000553       0x34 d:/micro/stm32ide/stm32cubeide_1.11.0/stm32cubeide/plugins/com.st.stm32cube.ide.mcu.externaltools.gnu-tools-for-stm32.10.3-2021.10.win32_1.0.100.202210260954/tools/bin/../lib/gcc/arm-none-eabi/10.3.1/../../../../arm-none-eabi/lib/thumb/v7e-m+fp/hard\libc_nano.a(lib_a-fwalk.o)
 .ARM.attributes
                0x0000000000000587       0x34 d:/micro/stm32ide/stm32cubeide_1.11.0/stm32cubeide/plugins/com.st.stm32cube.ide.mcu.externaltools.gnu-tools-for-stm32.10.3-2021.10.win32_1.0.100.202210260954/tools/bin/../lib/gcc/arm-none-eabi/10.3.1/../../../../arm-none-eabi/lib/thumb/v7e-m+fp/hard\libc_nano.a(lib_a-lock.o)
 .ARM.attributes
                0x00000000000005bb       0x34 d:/micro/stm32ide/stm32cubeide_1.11.0/stm32cubeide/plugins/com.st.stm32cube.ide.mcu.externaltools.gnu-tools-for-stm32.10.3-2021.10.win32_1.0.100.202210260954/tools/bin/../lib/gcc/arm-none-eabi/10.3.1/../../../../arm-none-eabi/lib/thumb/v7e-m+fp/hard\libc_nano.a(lib_a-makebuf.o)
 .ARM.attributes
                0x00000000000005ef       0x34 d:/micro/stm32ide/stm32cubeide_1.11.0/stm32cubeide/plugins/com.st.stm32cube.ide.mcu.externaltools.gnu-tools-for-stm32.10.3-2021.10.win32_1.0.100.202210260954/tools/bin/../lib/gcc/arm-none-eabi/10.3.1/../../../../arm-none-eabi/lib/thumb/v7e-m+fp/hard\libc_nano.a(lib_a-nano-freer.o)
 .ARM.attributes
                0x0000000000000623       0x34 d:/micro/stm32ide/stm32cubeide_1.11.0/stm32cubeide/plugins/com.st.stm32cube.ide.mcu.externaltools.gnu-tools-for-stm32.10.3-2021.10.win32_1.0.100.202210260954/tools/bin/../lib/gcc/arm-none-eabi/10.3.1/../../../../arm-none-eabi/lib/thumb/v7e-m+fp/hard\libc_nano.a(lib_a-nano-mallocr.o)
 .ARM.attributes
                0x0000000000000657       0x34 d:/micro/stm32ide/stm32cubeide_1.11.0/stm32cubeide/plugins/com.st.stm32cube.ide.mcu.externaltools.gnu-tools-for-stm32.10.3-2021.10.win32_1.0.100.202210260954/tools/bin/../lib/gcc/arm-none-eabi/10.3.1/../../../../arm-none-eabi/lib/thumb/v7e-m+fp/hard\libc_nano.a(lib_a-nano-vfprintf.o)
 .ARM.attributes
                0x000000000000068b       0x34 d:/micro/stm32ide/stm32cubeide_1.11.0/stm32cubeide/plugins/com.st.stm32cube.ide.mcu.externaltools.gnu-tools-for-stm32.10.3-2021.10.win32_1.0.100.202210260954/tools/bin/../lib/gcc/arm-none-eabi/10.3.1/../../../../arm-none-eabi/lib/thumb/v7e-m+fp/hard\libc_nano.a(lib_a-nano-vfprintf_i.o)
 .ARM.attributes
                0x00000000000006bf       0x34 d:/micro/stm32ide/stm32cubeide_1.11.0/stm32cubeide/plugins/com.st.stm32cube.ide.mcu.externaltools.gnu-tools-for-stm32.10.3-2021.10.win32_1.0.100.202210260954/tools/bin/../lib/gcc/arm-none-eabi/10.3.1/../../../../arm-none-eabi/lib/thumb/v7e-m+fp/hard\libc_nano.a(lib_a-sbrkr.o)
 .ARM.attributes
                0x00000000000006f3       0x34 d:/micro/stm32ide/stm32cubeide_1.11.0/stm32cubeide/plugins/com.st.stm32cube.ide.mcu.externaltools.gnu-tools-for-stm32.10.3-2021.10.win32_1.0.100.202210260954/tools/bin/../lib/gcc/arm-none-eabi/10.3.1/../../../../arm-none-eabi/lib/thumb/v7e-m+fp/hard\libc_nano.a(lib_a-stdio.o)
 .ARM.attributes
                0x0000000000000727       0x34 d:/micro/stm32ide/stm32cubeide_1.11.0/stm32cubeide/plugins/com.st.stm32cube.ide.mcu.externaltools.gnu-tools-for-stm32.10.3-2021.10.win32_1.0.100.202210260954/tools/bin/../lib/gcc/arm-none-eabi/10.3.1/../../../../arm-none-eabi/lib/thumb/v7e-m+fp/hard\libc_nano.a(lib_a-writer.o)
 .ARM.attributes
                0x000000000000075b       0x34 d:/micro/stm32ide/stm32cubeide_1.11.0/stm32cubeide/plugins/com.st.stm32cube.ide.mcu.externaltools.gnu-tools-for-stm32.10.3-2021.10.win32_1.0.100.202210260954/tools/bin/../lib/gcc/arm-none-eabi/10.3.1/../../../../arm-none-eabi/lib/thumb/v7e-m+fp/hard\libc_nano.a(lib_a-closer.o)
 .ARM.attributes
                0x000000000000078f       0x34 d:/micro/stm32ide/stm32cubeide_1.11.0/stm32cubeide/plugins/com.st.stm32cube.ide.mcu.externaltools.gnu-tools-for-stm32.10.3-2021.10.win32_1.0.100.202210260954/tools/bin/../lib/gcc/arm-none-eabi/10.3.1/../../../../arm-none-eabi/lib/thumb/v7e-m+fp/hard\libc_nano.a(lib_a-fstatr.o)
 .ARM.attributes
                0x00000000000007c3       0x34 d:/micro/stm32ide/stm32cubeide_1.11.0/stm32cubeide/plugins/com.st.stm32cube.ide.mcu.externaltools.gnu-tools-for-stm32.10.3-2021.10.win32_1.0.100.202210260954/tools/bin/../lib/gcc/arm-none-eabi/10.3.1/../../../../arm-none-eabi/lib/thumb/v7e-m+fp/hard\libc_nano.a(lib_a-isattyr.o)
 .ARM.attributes
                0x00000000000007f7       0x34 d:/micro/stm32ide/stm32cubeide_1.11.0/stm32cubeide/plugins/com.st.stm32cube.ide.mcu.externaltools.gnu-tools-for-stm32.10.3-2021.10.win32_1.0.100.202210260954/tools/bin/../lib/gcc/arm-none-eabi/10.3.1/../../../../arm-none-eabi/lib/thumb/v7e-m+fp/hard\libc_nano.a(lib_a-lseekr.o)
 .ARM.attributes
                0x000000000000082b       0x1c d:/micro/stm32ide/stm32cubeide_1.11.0/stm32cubeide/plugins/com.st.stm32cube.ide.mcu.externaltools.gnu-tools-for-stm32.10.3-2021.10.win32_1.0.100.202210260954/tools/bin/../lib/gcc/arm-none-eabi/10.3.1/../../../../arm-none-eabi/lib/thumb/v7e-m+fp/hard\libc_nano.a(lib_a-memchr.o)
 .ARM.attributes
                0x0000000000000847       0x34 d:/micro/stm32ide/stm32cubeide_1.11.0/stm32cubeide/plugins/com.st.stm32cube.ide.mcu.externaltools.gnu-tools-for-stm32.10.3-2021.10.win32_1.0.100.202210260954/tools/bin/../lib/gcc/arm-none-eabi/10.3.1/../../../../arm-none-eabi/lib/thumb/v7e-m+fp/hard\libc_nano.a(lib_a-mlock.o)
 .ARM.attributes
                0x000000000000087b       0x34 d:/micro/stm32ide/stm32cubeide_1.11.0/stm32cubeide/plugins/com.st.stm32cube.ide.mcu.externaltools.gnu-tools-for-stm32.10.3-2021.10.win32_1.0.100.202210260954/tools/bin/../lib/gcc/arm-none-eabi/10.3.1/../../../../arm-none-eabi/lib/thumb/v7e-m+fp/hard\libc_nano.a(lib_a-readr.o)
 .ARM.attributes
                0x00000000000008af       0x34 d:/micro/stm32ide/stm32cubeide_1.11.0/stm32cubeide/plugins/com.st.stm32cube.ide.mcu.externaltools.gnu-tools-for-stm32.10.3-2021.10.win32_1.0.100.202210260954/tools/bin/../lib/gcc/arm-none-eabi/10.3.1/../../../../arm-none-eabi/lib/thumb/v7e-m+fp/hard\libc_nano.a(lib_a-reent.o)
 .ARM.attributes
                0x00000000000008e3       0x1e d:/micro/stm32ide/stm32cubeide_1.11.0/stm32cubeide/plugins/com.st.stm32cube.ide.mcu.externaltools.gnu-tools-for-stm32.10.3-2021.10.win32_1.0.100.202210260954/tools/bin/../lib/gcc/arm-none-eabi/10.3.1/thumb/v7e-m+fp/hard\libgcc.a(_arm_addsubdf3.o)
 .ARM.attributes
                0x0000000000000901       0x1e d:/micro/stm32ide/stm32cubeide_1.11.0/stm32cubeide/plugins/com.st.stm32cube.ide.mcu.externaltools.gnu-tools-for-stm32.10.3-2021.10.win32_1.0.100.202210260954/tools/bin/../lib/gcc/arm-none-eabi/10.3.1/thumb/v7e-m+fp/hard\libgcc.a(_arm_muldivdf3.o)
 .ARM.attributes
                0x000000000000091f       0x1e d:/micro/stm32ide/stm32cubeide_1.11.0/stm32cubeide/plugins/com.st.stm32cube.ide.mcu.externaltools.gnu-tools-for-stm32.10.3-2021.10.win32_1.0.100.202210260954/tools/bin/../lib/gcc/arm-none-eabi/10.3.1/thumb/v7e-m+fp/hard\libgcc.a(_aeabi_uldivmod.o)
 .ARM.attributes
                0x000000000000093d       0x34 d:/micro/stm32ide/stm32cubeide_1.11.0/stm32cubeide/plugins/com.st.stm32cube.ide.mcu.externaltools.gnu-tools-for-stm32.10.3-2021.10.win32_1.0.100.202210260954/tools/bin/../lib/gcc/arm-none-eabi/10.3.1/thumb/v7e-m+fp/hard\libgcc.a(_udivmoddi4.o)
 .ARM.attributes
                0x0000000000000971       0x1e d:/micro/stm32ide/stm32cubeide_1.11.0/stm32cubeide/plugins/com.st.stm32cube.ide.mcu.externaltools.gnu-tools-for-stm32.10.3-2021.10.win32_1.0.100.202210260954/tools/bin/../lib/gcc/arm-none-eabi/10.3.1/thumb/v7e-m+fp/hard\libgcc.a(_dvmd_tls.o)
 .ARM.attributes
                0x000000000000098f       0x1e d:/micro/stm32ide/stm32cubeide_1.11.0/stm32cubeide/plugins/com.st.stm32cube.ide.mcu.externaltools.gnu-tools-for-stm32.10.3-2021.10.win32_1.0.100.202210260954/tools/bin/../lib/gcc/arm-none-eabi/10.3.1/thumb/v7e-m+fp/hard/crtn.o
OUTPUT(BNO055.elf elf32-littlearm)
LOAD linker stubs
LOAD d:/micro/stm32ide/stm32cubeide_1.11.0/stm32cubeide/plugins/com.st.stm32cube.ide.mcu.externaltools.gnu-tools-for-stm32.10.3-2021.10.win32_1.0.100.202210260954/tools/bin/../lib/gcc/arm-none-eabi/10.3.1/../../../../arm-none-eabi/lib/thumb/v7e-m+fp/hard\libc.a
LOAD d:/micro/stm32ide/stm32cubeide_1.11.0/stm32cubeide/plugins/com.st.stm32cube.ide.mcu.externaltools.gnu-tools-for-stm32.10.3-2021.10.win32_1.0.100.202210260954/tools/bin/../lib/gcc/arm-none-eabi/10.3.1/../../../../arm-none-eabi/lib/thumb/v7e-m+fp/hard\libm.a
LOAD d:/micro/stm32ide/stm32cubeide_1.11.0/stm32cubeide/plugins/com.st.stm32cube.ide.mcu.externaltools.gnu-tools-for-stm32.10.3-2021.10.win32_1.0.100.202210260954/tools/bin/../lib/gcc/arm-none-eabi/10.3.1/thumb/v7e-m+fp/hard\libgcc.a

.debug_info     0x0000000000000000     0x828a
 .debug_info    0x0000000000000000      0x91a ./Core/Src/bno055.o
 .debug_info    0x000000000000091a      0x2b7 ./Core/Src/gpio.o
 .debug_info    0x0000000000000bd1      0xa40 ./Core/Src/i2c.o
 .debug_info    0x0000000000001611      0xd0e ./Core/Src/main.o
 .debug_info    0x000000000000231f      0x2d4 ./Core/Src/stm32f4xx_hal_msp.o
 .debug_info    0x00000000000025f3      0x121 ./Core/Src/stm32f4xx_it.o
 .debug_info    0x0000000000002714      0x6e0 ./Core/Src/syscalls.o
 .debug_info    0x0000000000002df4      0x171 ./Core/Src/sysmem.o
 .debug_info    0x0000000000002f65      0x54f ./Core/Src/system_stm32f4xx.o
 .debug_info    0x00000000000034b4       0x22 ./Core/Startup/startup_stm32f401retx.o
 .debug_info    0x00000000000034d6      0x906 ./Drivers/STM32F4xx_HAL_Driver/Src/stm32f4xx_hal.o
 .debug_info    0x0000000000003ddc      0xd85 ./Drivers/STM32F4xx_HAL_Driver/Src/stm32f4xx_hal_cortex.o
 .debug_info    0x0000000000004b61      0x78e ./Drivers/STM32F4xx_HAL_Driver/Src/stm32f4xx_hal_gpio.o
 .debug_info    0x00000000000052ef     0x260f ./Drivers/STM32F4xx_HAL_Driver/Src/stm32f4xx_hal_i2c.o
 .debug_info    0x00000000000078fe      0x98c ./Drivers/STM32F4xx_HAL_Driver/Src/stm32f4xx_hal_rcc.o

.debug_abbrev   0x0000000000000000     0x18a4
 .debug_abbrev  0x0000000000000000      0x20b ./Core/Src/bno055.o
 .debug_abbrev  0x000000000000020b       0xc9 ./Core/Src/gpio.o
 .debug_abbrev  0x00000000000002d4      0x1e0 ./Core/Src/i2c.o
 .debug_abbrev  0x00000000000004b4      0x2a8 ./Core/Src/main.o
 .debug_abbrev  0x000000000000075c       0xd4 ./Core/Src/stm32f4xx_hal_msp.o
 .debug_abbrev  0x0000000000000830       0x74 ./Core/Src/stm32f4xx_it.o
 .debug_abbrev  0x00000000000008a4      0x1b3 ./Core/Src/syscalls.o
 .debug_abbrev  0x0000000000000a57       0xbb ./Core/Src/sysmem.o
 .debug_abbrev  0x0000000000000b12      0x116 ./Core/Src/system_stm32f4xx.o
 .debug_abbrev  0x0000000000000c28       0x12 ./Core/Startup/startup_stm32f401retx.o
 .debug_abbrev  0x0000000000000c3a      0x23e ./Drivers/STM32F4xx_HAL_Driver/Src/stm32f4xx_hal.o
 .debug_abbrev  0x0000000000000e78      0x316 ./Drivers/STM32F4xx_HAL_Driver/Src/stm32f4xx_hal_cortex.o
 .debug_abbrev  0x000000000000118e      0x1c4 ./Drivers/STM32F4xx_HAL_Driver/Src/stm32f4xx_hal_gpio.o
 .debug_abbrev  0x0000000000001352      0x2a8 ./Drivers/STM32F4xx_HAL_Driver/Src/stm32f4xx_hal_i2c.o
 .debug_abbrev  0x00000000000015fa      0x2aa ./Drivers/STM32F4xx_HAL_Driver/Src/stm32f4xx_hal_rcc.o

.debug_aranges  0x0000000000000000      0x8b8
 .debug_aranges
                0x0000000000000000       0xf8 ./Core/Src/bno055.o
 .debug_aranges
                0x00000000000000f8       0x20 ./Core/Src/gpio.o
 .debug_aranges
                0x0000000000000118       0x30 ./Core/Src/i2c.o
 .debug_aranges
                0x0000000000000148       0x50 ./Core/Src/main.o
 .debug_aranges
                0x0000000000000198       0x20 ./Core/Src/stm32f4xx_hal_msp.o
 .debug_aranges
                0x00000000000001b8       0x60 ./Core/Src/stm32f4xx_it.o
 .debug_aranges
                0x0000000000000218       0xa8 ./Core/Src/syscalls.o
 .debug_aranges
                0x00000000000002c0       0x20 ./Core/Src/sysmem.o
 .debug_aranges
                0x00000000000002e0       0x28 ./Core/Src/system_stm32f4xx.o
 .debug_aranges
                0x0000000000000308       0x28 ./Core/Startup/startup_stm32f401retx.o
 .debug_aranges
                0x0000000000000330       0xf0 ./Drivers/STM32F4xx_HAL_Driver/Src/stm32f4xx_hal.o
 .debug_aranges
                0x0000000000000420      0x118 ./Drivers/STM32F4xx_HAL_Driver/Src/stm32f4xx_hal_cortex.o
 .debug_aranges
                0x0000000000000538       0x58 ./Drivers/STM32F4xx_HAL_Driver/Src/stm32f4xx_hal_gpio.o
 .debug_aranges
                0x0000000000000590      0x2a0 ./Drivers/STM32F4xx_HAL_Driver/Src/stm32f4xx_hal_i2c.o
 .debug_aranges
                0x0000000000000830       0x88 ./Drivers/STM32F4xx_HAL_Driver/Src/stm32f4xx_hal_rcc.o

.debug_ranges   0x0000000000000000      0x7e8
 .debug_ranges  0x0000000000000000       0xe8 ./Core/Src/bno055.o
 .debug_ranges  0x00000000000000e8       0x10 ./Core/Src/gpio.o
 .debug_ranges  0x00000000000000f8       0x20 ./Core/Src/i2c.o
 .debug_ranges  0x0000000000000118       0x40 ./Core/Src/main.o
 .debug_ranges  0x0000000000000158       0x10 ./Core/Src/stm32f4xx_hal_msp.o
 .debug_ranges  0x0000000000000168       0x50 ./Core/Src/stm32f4xx_it.o
 .debug_ranges  0x00000000000001b8       0x98 ./Core/Src/syscalls.o
 .debug_ranges  0x0000000000000250       0x10 ./Core/Src/sysmem.o
 .debug_ranges  0x0000000000000260       0x18 ./Core/Src/system_stm32f4xx.o
 .debug_ranges  0x0000000000000278       0x20 ./Core/Startup/startup_stm32f401retx.o
 .debug_ranges  0x0000000000000298       0xe0 ./Drivers/STM32F4xx_HAL_Driver/Src/stm32f4xx_hal.o
 .debug_ranges  0x0000000000000378      0x108 ./Drivers/STM32F4xx_HAL_Driver/Src/stm32f4xx_hal_cortex.o
 .debug_ranges  0x0000000000000480       0x48 ./Drivers/STM32F4xx_HAL_Driver/Src/stm32f4xx_hal_gpio.o
 .debug_ranges  0x00000000000004c8      0x2a8 ./Drivers/STM32F4xx_HAL_Driver/Src/stm32f4xx_hal_i2c.o
 .debug_ranges  0x0000000000000770       0x78 ./Drivers/STM32F4xx_HAL_Driver/Src/stm32f4xx_hal_rcc.o

.debug_macro    0x0000000000000000    0x16c0d
 .debug_macro   0x0000000000000000      0x20f ./Core/Src/bno055.o
 .debug_macro   0x000000000000020f      0xa78 ./Core/Src/bno055.o
 .debug_macro   0x0000000000000c87       0x22 ./Core/Src/bno055.o
 .debug_macro   0x0000000000000ca9       0x22 ./Core/Src/bno055.o
 .debug_macro   0x0000000000000ccb       0x8e ./Core/Src/bno055.o
 .debug_macro   0x0000000000000d59       0x51 ./Core/Src/bno055.o
 .debug_macro   0x0000000000000daa      0x103 ./Core/Src/bno055.o
 .debug_macro   0x0000000000000ead       0x6a ./Core/Src/bno055.o
 .debug_macro   0x0000000000000f17      0x1df ./Core/Src/bno055.o
 .debug_macro   0x00000000000010f6       0x52 ./Core/Src/bno055.o
 .debug_macro   0x0000000000001148       0x1e ./Core/Src/bno055.o
 .debug_macro   0x0000000000001166       0x3c ./Core/Src/bno055.o
 .debug_macro   0x00000000000011a2       0x34 ./Core/Src/bno055.o
 .debug_macro   0x00000000000011d6       0x16 ./Core/Src/bno055.o
 .debug_macro   0x00000000000011ec       0x97 ./Core/Src/bno055.o
 .debug_macro   0x0000000000001283      0x341 ./Core/Src/bno055.o
 .debug_macro   0x00000000000015c4       0xfd ./Core/Src/bno055.o
 .debug_macro   0x00000000000016c1       0x10 ./Core/Src/bno055.o
 .debug_macro   0x00000000000016d1       0x16 ./Core/Src/bno055.o
 .debug_macro   0x00000000000016e7       0x43 ./Core/Src/bno055.o
 .debug_macro   0x000000000000172a       0x34 ./Core/Src/bno055.o
 .debug_macro   0x000000000000175e       0x10 ./Core/Src/bno055.o
 .debug_macro   0x000000000000176e       0x58 ./Core/Src/bno055.o
 .debug_macro   0x00000000000017c6       0x71 ./Core/Src/bno055.o
 .debug_macro   0x0000000000001837       0x1c ./Core/Src/bno055.o
 .debug_macro   0x0000000000001853      0x12a ./Core/Src/bno055.o
 .debug_macro   0x000000000000197d       0x10 ./Core/Src/bno055.o
 .debug_macro   0x000000000000198d       0x1c ./Core/Src/bno055.o
 .debug_macro   0x00000000000019a9       0x52 ./Core/Src/bno055.o
 .debug_macro   0x00000000000019fb       0x22 ./Core/Src/bno055.o
 .debug_macro   0x0000000000001a1d       0x10 ./Core/Src/bno055.o
 .debug_macro   0x0000000000001a2d       0x52 ./Core/Src/bno055.o
 .debug_macro   0x0000000000001a7f       0xd5 ./Core/Src/bno055.o
 .debug_macro   0x0000000000001b54       0x1c ./Core/Src/bno055.o
 .debug_macro   0x0000000000001b70       0x3d ./Core/Src/bno055.o
 .debug_macro   0x0000000000001bad       0x16 ./Core/Src/bno055.o
 .debug_macro   0x0000000000001bc3      0x145 ./Core/Src/bno055.o
 .debug_macro   0x0000000000001d08      0x337 ./Core/Src/bno055.o
 .debug_macro   0x000000000000203f       0x16 ./Core/Src/bno055.o
 .debug_macro   0x0000000000002055       0x35 ./Core/Src/bno055.o
 .debug_macro   0x000000000000208a       0x20 ./Core/Src/bno055.o
 .debug_macro   0x00000000000020aa      0x1dd ./Core/Src/gpio.o
 .debug_macro   0x0000000000002287      0x295 ./Core/Src/gpio.o
 .debug_macro   0x000000000000251c       0x2e ./Core/Src/gpio.o
 .debug_macro   0x000000000000254a       0x28 ./Core/Src/gpio.o
 .debug_macro   0x0000000000002572       0x1c ./Core/Src/gpio.o
 .debug_macro   0x000000000000258e       0x22 ./Core/Src/gpio.o
 .debug_macro   0x00000000000025b0       0xd9 ./Core/Src/gpio.o
 .debug_macro   0x0000000000002689     0x102d ./Core/Src/gpio.o
 .debug_macro   0x00000000000036b6      0x11f ./Core/Src/gpio.o
 .debug_macro   0x00000000000037d5     0xb86c ./Core/Src/gpio.o
 .debug_macro   0x000000000000f041       0x6d ./Core/Src/gpio.o
 .debug_macro   0x000000000000f0ae     0x367e ./Core/Src/gpio.o
 .debug_macro   0x000000000001272c      0x174 ./Core/Src/gpio.o
 .debug_macro   0x00000000000128a0       0x5c ./Core/Src/gpio.o
 .debug_macro   0x00000000000128fc      0x416 ./Core/Src/gpio.o
 .debug_macro   0x0000000000012d12      0x9fe ./Core/Src/gpio.o
 .debug_macro   0x0000000000013710      0x115 ./Core/Src/gpio.o
 .debug_macro   0x0000000000013825       0xf8 ./Core/Src/gpio.o
 .debug_macro   0x000000000001391d       0xa5 ./Core/Src/gpio.o
 .debug_macro   0x00000000000139c2      0x15f ./Core/Src/gpio.o
 .debug_macro   0x0000000000013b21      0x287 ./Core/Src/gpio.o
 .debug_macro   0x0000000000013da8       0x5f ./Core/Src/gpio.o
 .debug_macro   0x0000000000013e07      0x236 ./Core/Src/gpio.o
 .debug_macro   0x000000000001403d      0x132 ./Core/Src/gpio.o
 .debug_macro   0x000000000001416f      0x264 ./Core/Src/gpio.o
 .debug_macro   0x00000000000143d3       0x2e ./Core/Src/gpio.o
 .debug_macro   0x0000000000014401      0x1b5 ./Core/Src/gpio.o
 .debug_macro   0x00000000000145b6       0x22 ./Core/Src/gpio.o
 .debug_macro   0x00000000000145d8       0xd6 ./Core/Src/gpio.o
 .debug_macro   0x00000000000146ae      0x11a ./Core/Src/gpio.o
 .debug_macro   0x00000000000147c8       0x85 ./Core/Src/gpio.o
 .debug_macro   0x000000000001484d       0x89 ./Core/Src/gpio.o
 .debug_macro   0x00000000000148d6      0x126 ./Core/Src/gpio.o
 .debug_macro   0x00000000000149fc      0x1dd ./Core/Src/i2c.o
 .debug_macro   0x0000000000014bd9      0x370 ./Core/Src/main.o
 .debug_macro   0x0000000000014f49      0x1d3 ./Core/Src/stm32f4xx_hal_msp.o
 .debug_macro   0x000000000001511c      0x1dd ./Core/Src/stm32f4xx_it.o
 .debug_macro   0x00000000000152f9      0x24c ./Core/Src/syscalls.o
 .debug_macro   0x0000000000015545       0x4c ./Core/Src/syscalls.o
 .debug_macro   0x0000000000015591       0x94 ./Core/Src/syscalls.o
 .debug_macro   0x0000000000015625       0x57 ./Core/Src/syscalls.o
 .debug_macro   0x000000000001567c       0x10 ./Core/Src/syscalls.o
 .debug_macro   0x000000000001568c       0x10 ./Core/Src/syscalls.o
 .debug_macro   0x000000000001569c       0x10 ./Core/Src/syscalls.o
 .debug_macro   0x00000000000156ac       0x35 ./Core/Src/syscalls.o
 .debug_macro   0x00000000000156e1      0x12c ./Core/Src/syscalls.o
 .debug_macro   0x000000000001580d       0x16 ./Core/Src/syscalls.o
 .debug_macro   0x0000000000015823       0x16 ./Core/Src/syscalls.o
 .debug_macro   0x0000000000015839       0x29 ./Core/Src/syscalls.o
 .debug_macro   0x0000000000015862       0x10 ./Core/Src/syscalls.o
 .debug_macro   0x0000000000015872      0x241 ./Core/Src/syscalls.o
 .debug_macro   0x0000000000015ab3       0x1c ./Core/Src/syscalls.o
 .debug_macro   0x0000000000015acf       0x10 ./Core/Src/syscalls.o
 .debug_macro   0x0000000000015adf      0x189 ./Core/Src/syscalls.o
 .debug_macro   0x0000000000015c68       0x16 ./Core/Src/syscalls.o
 .debug_macro   0x0000000000015c7e       0xce ./Core/Src/syscalls.o
 .debug_macro   0x0000000000015d4c       0xff ./Core/Src/sysmem.o
 .debug_macro   0x0000000000015e4b      0x23b ./Core/Src/sysmem.o
 .debug_macro   0x0000000000016086      0x1c9 ./Core/Src/system_stm32f4xx.o
 .debug_macro   0x000000000001624f      0x229 ./Drivers/STM32F4xx_HAL_Driver/Src/stm32f4xx_hal.o
 .debug_macro   0x0000000000016478      0x1c9 ./Drivers/STM32F4xx_HAL_Driver/Src/stm32f4xx_hal_cortex.o
 .debug_macro   0x0000000000016641      0x1cf ./Drivers/STM32F4xx_HAL_Driver/Src/stm32f4xx_hal_gpio.o
 .debug_macro   0x0000000000016810      0x210 ./Drivers/STM32F4xx_HAL_Driver/Src/stm32f4xx_hal_i2c.o
 .debug_macro   0x0000000000016a20      0x1ed ./Drivers/STM32F4xx_HAL_Driver/Src/stm32f4xx_hal_rcc.o

.debug_line     0x0000000000000000     0xaeb8
 .debug_line    0x0000000000000000      0xa7d ./Core/Src/bno055.o
 .debug_line    0x0000000000000a7d      0x6d7 ./Core/Src/gpio.o
 .debug_line    0x0000000000001154      0x745 ./Core/Src/i2c.o
 .debug_line    0x0000000000001899      0xa72 ./Core/Src/main.o
 .debug_line    0x000000000000230b      0x6db ./Core/Src/stm32f4xx_hal_msp.o
 .debug_line    0x00000000000029e6      0x79e ./Core/Src/stm32f4xx_it.o
 .debug_line    0x0000000000003184      0x83a ./Core/Src/syscalls.o
 .debug_line    0x00000000000039be      0x530 ./Core/Src/sysmem.o
 .debug_line    0x0000000000003eee      0x75d ./Core/Src/system_stm32f4xx.o
 .debug_line    0x000000000000464b       0x88 ./Core/Startup/startup_stm32f401retx.o
 .debug_line    0x00000000000046d3      0x9c3 ./Drivers/STM32F4xx_HAL_Driver/Src/stm32f4xx_hal.o
 .debug_line    0x0000000000005096      0xc72 ./Drivers/STM32F4xx_HAL_Driver/Src/stm32f4xx_hal_cortex.o
 .debug_line    0x0000000000005d08      0xafb ./Drivers/STM32F4xx_HAL_Driver/Src/stm32f4xx_hal_gpio.o
 .debug_line    0x0000000000006803     0x3978 ./Drivers/STM32F4xx_HAL_Driver/Src/stm32f4xx_hal_i2c.o
 .debug_line    0x000000000000a17b      0xd3d ./Drivers/STM32F4xx_HAL_Driver/Src/stm32f4xx_hal_rcc.o

.debug_str      0x0000000000000000    0x8770e
 .debug_str     0x0000000000000000     0x8f7d ./Core/Src/bno055.o
                                       0x91a3 (size before relaxing)
 .debug_str     0x0000000000008f7d    0x7aac6 ./Core/Src/gpio.o
                                      0x7eaa7 (size before relaxing)
 .debug_str     0x0000000000083a43      0x5b9 ./Core/Src/i2c.o
                                      0x7f0a6 (size before relaxing)
 .debug_str     0x0000000000083ffc      0x224 ./Core/Src/main.o
                                      0x83d6d (size before relaxing)
 .debug_str     0x0000000000084220       0x2c ./Core/Src/stm32f4xx_hal_msp.o
                                      0x7eaa7 (size before relaxing)
 .debug_str     0x000000000008424c       0xc9 ./Core/Src/stm32f4xx_it.o
                                      0x7ea1b (size before relaxing)
 .debug_str     0x0000000000084315     0x174d ./Core/Src/syscalls.o
                                       0x8aa1 (size before relaxing)
 .debug_str     0x0000000000085a62       0x6b ./Core/Src/sysmem.o
                                       0x5ddd (size before relaxing)
 .debug_str     0x0000000000085acd       0xdb ./Core/Src/system_stm32f4xx.o
                                      0x7eb57 (size before relaxing)
 .debug_str     0x0000000000085ba8       0x36 ./Core/Startup/startup_stm32f401retx.o
                                         0x9f (size before relaxing)
 .debug_str     0x0000000000085bde      0x9a9 ./Drivers/STM32F4xx_HAL_Driver/Src/stm32f4xx_hal.o
                                      0x7f579 (size before relaxing)
 .debug_str     0x0000000000086587      0x354 ./Drivers/STM32F4xx_HAL_Driver/Src/stm32f4xx_hal_cortex.o
                                      0x7f29a (size before relaxing)
 .debug_str     0x00000000000868db      0x15d ./Drivers/STM32F4xx_HAL_Driver/Src/stm32f4xx_hal_gpio.o
                                      0x7ecd2 (size before relaxing)
 .debug_str     0x0000000000086a38      0xac3 ./Drivers/STM32F4xx_HAL_Driver/Src/stm32f4xx_hal_i2c.o
                                      0x7fb15 (size before relaxing)
 .debug_str     0x00000000000874fb      0x213 ./Drivers/STM32F4xx_HAL_Driver/Src/stm32f4xx_hal_rcc.o
                                      0x7ef8b (size before relaxing)

.comment        0x0000000000000000       0x50
 .comment       0x0000000000000000       0x50 ./Core/Src/bno055.o
                                         0x51 (size before relaxing)
 .comment       0x0000000000000050       0x51 ./Core/Src/gpio.o
 .comment       0x0000000000000050       0x51 ./Core/Src/i2c.o
 .comment       0x0000000000000050       0x51 ./Core/Src/main.o
 .comment       0x0000000000000050       0x51 ./Core/Src/stm32f4xx_hal_msp.o
 .comment       0x0000000000000050       0x51 ./Core/Src/stm32f4xx_it.o
 .comment       0x0000000000000050       0x51 ./Core/Src/syscalls.o
 .comment       0x0000000000000050       0x51 ./Core/Src/sysmem.o
 .comment       0x0000000000000050       0x51 ./Core/Src/system_stm32f4xx.o
 .comment       0x0000000000000050       0x51 ./Drivers/STM32F4xx_HAL_Driver/Src/stm32f4xx_hal.o
 .comment       0x0000000000000050       0x51 ./Drivers/STM32F4xx_HAL_Driver/Src/stm32f4xx_hal_cortex.o
 .comment       0x0000000000000050       0x51 ./Drivers/STM32F4xx_HAL_Driver/Src/stm32f4xx_hal_gpio.o
 .comment       0x0000000000000050       0x51 ./Drivers/STM32F4xx_HAL_Driver/Src/stm32f4xx_hal_i2c.o
 .comment       0x0000000000000050       0x51 ./Drivers/STM32F4xx_HAL_Driver/Src/stm32f4xx_hal_rcc.o

.debug_frame    0x0000000000000000     0x2bb4
 .debug_frame   0x0000000000000000      0x42c ./Core/Src/bno055.o
 .debug_frame   0x000000000000042c       0x38 ./Core/Src/gpio.o
 .debug_frame   0x0000000000000464       0x74 ./Core/Src/i2c.o
 .debug_frame   0x00000000000004d8      0x100 ./Core/Src/main.o
 .debug_frame   0x00000000000005d8       0x38 ./Core/Src/stm32f4xx_hal_msp.o
 .debug_frame   0x0000000000000610      0x104 ./Core/Src/stm32f4xx_it.o
 .debug_frame   0x0000000000000714      0x2ac ./Core/Src/syscalls.o
 .debug_frame   0x00000000000009c0       0x34 ./Core/Src/sysmem.o
 .debug_frame   0x00000000000009f4       0x58 ./Core/Src/system_stm32f4xx.o
 .debug_frame   0x0000000000000a4c      0x374 ./Drivers/STM32F4xx_HAL_Driver/Src/stm32f4xx_hal.o
 .debug_frame   0x0000000000000dc0      0x498 ./Drivers/STM32F4xx_HAL_Driver/Src/stm32f4xx_hal_cortex.o
 .debug_frame   0x0000000000001258      0x14c ./Drivers/STM32F4xx_HAL_Driver/Src/stm32f4xx_hal_gpio.o
 .debug_frame   0x00000000000013a4      0xc5c ./Drivers/STM32F4xx_HAL_Driver/Src/stm32f4xx_hal_i2c.o
 .debug_frame   0x0000000000002000      0x1f4 ./Drivers/STM32F4xx_HAL_Driver/Src/stm32f4xx_hal_rcc.o
 .debug_frame   0x00000000000021f4       0x20 d:/micro/stm32ide/stm32cubeide_1.11.0/stm32cubeide/plugins/com.st.stm32cube.ide.mcu.externaltools.gnu-tools-for-stm32.10.3-2021.10.win32_1.0.100.202210260954/tools/bin/../lib/gcc/arm-none-eabi/10.3.1/../../../../arm-none-eabi/lib/thumb/v7e-m+fp/hard\libc_nano.a(lib_a-errno.o)
 .debug_frame   0x0000000000002214       0x2c d:/micro/stm32ide/stm32cubeide_1.11.0/stm32cubeide/plugins/com.st.stm32cube.ide.mcu.externaltools.gnu-tools-for-stm32.10.3-2021.10.win32_1.0.100.202210260954/tools/bin/../lib/gcc/arm-none-eabi/10.3.1/../../../../arm-none-eabi/lib/thumb/v7e-m+fp/hard\libc_nano.a(lib_a-init.o)
 .debug_frame   0x0000000000002240       0x20 d:/micro/stm32ide/stm32cubeide_1.11.0/stm32cubeide/plugins/com.st.stm32cube.ide.mcu.externaltools.gnu-tools-for-stm32.10.3-2021.10.win32_1.0.100.202210260954/tools/bin/../lib/gcc/arm-none-eabi/10.3.1/../../../../arm-none-eabi/lib/thumb/v7e-m+fp/hard\libc_nano.a(lib_a-memset.o)
 .debug_frame   0x0000000000002260       0x74 d:/micro/stm32ide/stm32cubeide_1.11.0/stm32cubeide/plugins/com.st.stm32cube.ide.mcu.externaltools.gnu-tools-for-stm32.10.3-2021.10.win32_1.0.100.202210260954/tools/bin/../lib/gcc/arm-none-eabi/10.3.1/../../../../arm-none-eabi/lib/thumb/v7e-m+fp/hard\libc_nano.a(lib_a-printf.o)
 .debug_frame   0x00000000000022d4       0x3c d:/micro/stm32ide/stm32cubeide_1.11.0/stm32cubeide/plugins/com.st.stm32cube.ide.mcu.externaltools.gnu-tools-for-stm32.10.3-2021.10.win32_1.0.100.202210260954/tools/bin/../lib/gcc/arm-none-eabi/10.3.1/../../../../arm-none-eabi/lib/thumb/v7e-m+fp/hard\libc_nano.a(lib_a-puts.o)
 .debug_frame   0x0000000000002310       0x40 d:/micro/stm32ide/stm32cubeide_1.11.0/stm32cubeide/plugins/com.st.stm32cube.ide.mcu.externaltools.gnu-tools-for-stm32.10.3-2021.10.win32_1.0.100.202210260954/tools/bin/../lib/gcc/arm-none-eabi/10.3.1/../../../../arm-none-eabi/lib/thumb/v7e-m+fp/hard\libc_nano.a(lib_a-wbuf.o)
 .debug_frame   0x0000000000002350       0x2c d:/micro/stm32ide/stm32cubeide_1.11.0/stm32cubeide/plugins/com.st.stm32cube.ide.mcu.externaltools.gnu-tools-for-stm32.10.3-2021.10.win32_1.0.100.202210260954/tools/bin/../lib/gcc/arm-none-eabi/10.3.1/../../../../arm-none-eabi/lib/thumb/v7e-m+fp/hard\libc_nano.a(lib_a-wsetup.o)